Microchip MPLAB XC8 Compiler V2.31

Linker command line:

-W-3 --edf=C:\Program Files\Microchip\xc8\v2.31\pic\dat\en_msgs.txt -cn \
  -h+dist/default/production\PIC.production.sym \
  --cmf=dist/default/production\PIC.production.cmf -z -Q18F4520 \
  -oC:\Users\Paulo\AppData\Local\Temp\scho.2 --defsym=__MPLAB_BUILD=1 \
  -Mdist/default/production/PIC.production.map -E1 -ver=XC8 Compiler \
  --acfsm=1493 -ASTACK=0332h-05FFh -pstack=STACK -ACODE=00h-07FFFh \
  -ACONST=00h-07FFFh -ASMALLCONST=0600h-06FFhx122 \
  -AMEDIUMCONST=0600h-07FFFh -ACOMRAM=01h-07Fh -AABS1=00h-05FFh \
  -ABIGRAM=01h-05FFh -ARAM=080h-0FFh,0100h-01FFhx5 -ABANK0=080h-0FFh \
  -ABANK1=0100h-01FFh -ABANK2=0200h-02FFh -ABANK3=0300h-03FFh \
  -ABANK4=0400h-04FFh -ABANK5=0500h-05FFh -ASFR=0F80h-0FFFh \
  -ACONFIG=0300000h-030000Dh -AIDLOC=0200000h-0200007h \
  -AEEDATA=0F00000h-0F000FFh -peeprom_data=EEDATA \
  -preset_vec=00h,intcode=08h,intcodelo,powerup,init -pramtop=0600h \
  -psmallconst=SMALLCONST -pmediumconst=MEDIUMCONST -pconst=CONST \
  -AFARRAM=00h-00h \
  -prdata=COMRAM,nvrram=COMRAM,nvbit=COMRAM,rbss=COMRAM,rbit=COMRAM \
  -pfarbss=FARRAM,fardata=FARRAM,nvFARRAM=FARRAM \
  -pintsave_regs=BIGRAM,bigbss=BIGRAM,bigdata=BIGRAM -pbss=RAM \
  -pidata=CODE,irdata=CODE,ibigdata=CODE,ifardata=CODE -prparam=COMRAM \
  C:\Users\Paulo\AppData\Local\Temp\scho.o \
  dist/default/production\PIC.production.o 

Object code version is 3.11

Machine type is 18F4520



                Name                               Link     Load   Length Selector   Space Scale
C:\Users\Paulo\AppData\Local\Temp\scho.o
                idloc                            200000   200000        8        0       5
                config                           300000   300000        E        0       4
                init                                  E        E        4        4       0
                reset_vec                             0        0        4        0       0
dist/default/production\PIC.production.o
                intcode                               8        8        6        4       0
                idloc                            200000   200000        8        0       5
                config                           300000   300000        E        0       4
                temp                                 77       77        1        1       1
                smallconst                          600      600       EC      300       0
                text50                             5698     5698       18      376       0
                text49                             56D2     56D2        A      376       0
                text48                             42D8     42D8      12C      376       0
                intcode_body                       3C38     3C38      19E      376       0
                text46                             56BC     56BC        C      376       0
                text45                             41AC     41AC      12C      376       0
                text44                             4650     4650      110      376       0
                text43                             4078     4078      134      376       0
                text42                             4EF0     4EF0       B8      376       0
                text41                             4760     4760      10C      376       0
                text40                             4B7C     4B7C       F2      376       0
                text39                             5102     5102       A4      376       0
                text38                             5498     5498       6A      376       0
                text37                             51A6     51A6       92      376       0
                text36                             5646     5646       2C      376       0
                text35                             2C68     2C68      39A      376       0
                text34                             52C0     52C0       7C      376       0
                text33                             56C8     56C8        A      376       0
                text32                             4404     4404      12A      376       0
                text31                             56B0     56B0        C      376       0
                text30                             542A     542A       6E      376       0
                text29                             5616     5616       30      376       0
                text28                             4C6E     4C6E       F0      376       0
                text27                             34D0     34D0      22C      376       0
                text26                             32A4     32A4      22C      376       0
                text25                             38C0     38C0      1C4      376       0
                text24                             36FC     36FC      1C4      376       0
                text23                             452E     452E      122      376       0
                text22                             4972     4972      106      376       0
                text21                             4D5E     4D5E       CE      376       0
                text20                             5058     5058       AA      376       0
                text19                             4A78     4A78      104      376       0
                text18                             55AC     55AC       38      376       0
                text17                             1F72     1F72      4C0      376       0
                text16                             5566     5566       46      376       0
                text15                             486C     486C      106      376       0
                text14                             5238     5238       88      376       0
                text13                             5672     5672       26      376       0
                text12                             3A84     3A84      1B4      376       0
                text11                             3F2C     3F2C      14C      376       0
                text10                             3DD6     3DD6      156      376       0
                text9                              2432     2432      42A      376       0
                text8                              53B6     53B6       74      376       0
                text7                              5502     5502       64      376       0
                text6                              3002     3002      2A2      376       0
                text5                              55E4     55E4       32      376       0
                text4                              4E2C     4E2C       C4      376       0
                text3                              4FA8     4FA8       B0      376       0
                text2                              285C     285C      40C      376       0
                text1                               6EC      6EC      D82      376       0
                text0                              146E     146E      B04      376       0
                cstackCOMRAM                          1        1       70        1       1
                cstackBANK0                          B2       B2       23       80       1
                bssBANK3                            300      300       32      300       1
                bssBANK2                            200      200       E1      200       1
                bssBANK1                            100      100       E1      100       1
                dataBANK0                            D5       D5        8       80       1
                bssBANK0                             80       80       32       80       1
                dataCOMRAM                           76       76        1        1       1
                bssCOMRAM                            71       71        5        1       1
                cinit                              533C     533C       7A      376       0
                idataBANK0                         56DC     56DC        8      376       0
                idataCOMRAM                        56E4     56E4        1      376       0

TOTAL           Name                               Link     Load   Length     Space
        CLASS   STACK          

        CLASS   CODE           
                intcode                               8        8        6         0
                init                                  E        E        4         0
                reset_vec                             0        0        4         0
                text50                             5698     5698       18         0
                text49                             56D2     56D2        A         0
                text48                             42D8     42D8      12C         0
                intcode_body                       3C38     3C38      19E         0
                text46                             56BC     56BC        C         0
                text45                             41AC     41AC      12C         0
                text44                             4650     4650      110         0
                text43                             4078     4078      134         0
                text42                             4EF0     4EF0       B8         0
                text41                             4760     4760      10C         0
                text40                             4B7C     4B7C       F2         0
                text39                             5102     5102       A4         0
                text38                             5498     5498       6A         0
                text37                             51A6     51A6       92         0
                text36                             5646     5646       2C         0
                text35                             2C68     2C68      39A         0
                text34                             52C0     52C0       7C         0
                text33                             56C8     56C8        A         0
                text32                             4404     4404      12A         0
                text31                             56B0     56B0        C         0
                text30                             542A     542A       6E         0
                text29                             5616     5616       30         0
                text28                             4C6E     4C6E       F0         0
                text27                             34D0     34D0      22C         0
                text26                             32A4     32A4      22C         0
                text25                             38C0     38C0      1C4         0
                text24                             36FC     36FC      1C4         0
                text23                             452E     452E      122         0
                text22                             4972     4972      106         0
                text21                             4D5E     4D5E       CE         0
                text20                             5058     5058       AA         0
                text19                             4A78     4A78      104         0
                text18                             55AC     55AC       38         0
                text17                             1F72     1F72      4C0         0
                text16                             5566     5566       46         0
                text15                             486C     486C      106         0
                text14                             5238     5238       88         0
                text13                             5672     5672       26         0
                text12                             3A84     3A84      1B4         0
                text11                             3F2C     3F2C      14C         0
                text10                             3DD6     3DD6      156         0
                text9                              2432     2432      42A         0
                text8                              53B6     53B6       74         0
                text7                              5502     5502       64         0
                text6                              3002     3002      2A2         0
                text5                              55E4     55E4       32         0
                text4                              4E2C     4E2C       C4         0
                text3                              4FA8     4FA8       B0         0
                text2                              285C     285C      40C         0
                text1                               6EC      6EC      D82         0
                text0                              146E     146E      B04         0
                cinit                              533C     533C       7A         0
                idataBANK0                         56DC     56DC        8         0
                idataCOMRAM                        56E4     56E4        1         0

        CLASS   CONST          

        CLASS   SMALLCONST     
                smallconst                          600      600       EC         0

        CLASS   MEDIUMCONST    

        CLASS   COMRAM         
                temp                                 77       77        1         1
                cstackCOMRAM                          1        1       70         1
                dataCOMRAM                           76       76        1         1
                bssCOMRAM                            71       71        5         1

        CLASS   ABS1           

        CLASS   BIGRAM         

        CLASS   RAM            

        CLASS   BANK0          
                cstackBANK0                          B2       B2       23         1
                dataBANK0                            D5       D5        8         1
                bssBANK0                             80       80       32         1

        CLASS   BANK1          
                bssBANK1                            100      100       E1         1

        CLASS   BANK2          
                bssBANK2                            200      200       E1         1

        CLASS   BANK3          
                bssBANK3                            300      300       32         1

        CLASS   BANK4          

        CLASS   BANK5          

        CLASS   SFR            

        CLASS   CONFIG         
                config                           300000   300000        E         4

        CLASS   IDLOC          
                idloc                            200000   200000        8         5

        CLASS   EEDATA         

        CLASS   FARRAM         



SEGMENTS        Name                           Load    Length   Top    Selector   Space  Class

                reset_vec                      000000  000004  000004         0       0  CODE    
                cstackCOMRAM                   000001  000077  000078         1       1  COMRAM  
                intcode                        000008  00000A  000012         4       0  CODE    
                bssBANK0                       000080  00005D  0000DD        80       1  BANK0   
                bssBANK1                       000100  0000E1  0001E1       100       1  BANK1   
                bssBANK2                       000200  0000E1  0002E1       200       1  BANK2   
                bssBANK3                       000300  000032  000332       300       1  BANK3   
                smallconst                     000600  0000EC  0006EC       300       0  SMALLCON
                text1                          0006EC  004FF9  0056E5       376       0  CODE    


UNUSED ADDRESS RANGES

        Name                Unused          Largest block    Delta
        BANK0            0000DD-0000FF               23
        BANK1            0001E1-0001FF               1F
        BANK2            0002E1-0002FF               1F
        BANK3            000332-0003FF               CE
        BANK4            000400-0004FF              100
        BANK5            000500-0005FF              100
        BIGRAM           000078-00007F                8
                         0000DD-0000FF               23
                         0001E1-0001FF               1F
                         0002E1-0002FF               1F
                         000332-0005FF              2CE
        CODE             000004-000007                4
                         000012-0005FF              5EE
                         0056E5-007FFF             291B
        COMRAM           000078-00007F                8
        CONST            000004-000007                4
                         000012-0005FF              5EE
                         0056E5-007FFF             291B
        EEDATA           F00000-F000FF              100
        MEDIUMCONST      0056E5-007FFF             291B
        RAM              0000DD-0000FF               23
                         0001E1-0001FF               1F
                         0002E1-0002FF               1F
                         000332-0005FF              100
        SFR              000F80-000FFF               80
        SMALLCONST       0056E5-007FFF              100
        STACK            000332-0005FF              2CE

                                  Symbol Table

?___aldiv                   cstackCOMRAM 000006
?___awdiv                   cstackCOMRAM 00000C
?___awmod                   cstackCOMRAM 000006
?___fladd                   cstackCOMRAM 000047
?___fldiv                   cstackCOMRAM 00003A
?___flmul                   cstackCOMRAM 000021
?___flneg                   cstackCOMRAM 000006
?___flsub                   cstackCOMRAM 000057
?___fltol                   cstackCOMRAM 000053
?___lldiv                   cstackCOMRAM 000012
?___llmod                   cstackCOMRAM 00001F
?___lmul                    cstackCOMRAM 000006
?___lwdiv                   cstackCOMRAM 00000C
?___lwmod                   cstackCOMRAM 000006
?___wmul                    cstackCOMRAM 000006
?___xxtofl                  cstackCOMRAM 000013
?__div_to_l_                cstackCOMRAM 000006
?__tdiv_to_l_               cstackCOMRAM 000006
?_adc_amostra               cstackCOMRAM 000006
?_fround                    cstackCOMRAM 00003A
?_generateCRC               cstackCOMRAM 000006
?_scale                     cstackCOMRAM 00003A
?_sprintf                   cstackCOMRAM 00005F
Lcd_Chr_CP@data             cstackCOMRAM 000008
Lcd_Cmd@data                cstackCOMRAM 000008
Lcd_Init@data               cstackCOMRAM 00000A
Lcd_Out@buffer              cstackCOMRAM 00000A
Lcd_Out@data                cstackCOMRAM 00000D
Lcd_Out@x                   cstackCOMRAM 000009
Lcd_Out@y                   cstackCOMRAM 00000C
OpnUSART@spbrg              cstackCOMRAM 000007
PWM1_Init@f                 cstackCOMRAM 000014
PWM1_Init@temp              cstackCOMRAM 00001A
PWM1_Set_Duty@d             cstackCOMRAM 000021
PWM1_Set_Duty@temp          cstackCOMRAM 000022
_ADCON0                     (abs)        000FC2
_ADCON0bits                 (abs)        000FC2
_ADCON1                     (abs)        000FC1
_ADRESH                     (abs)        000FC4
_ADRESL                     (abs)        000FC3
_BAUDCONbits                (abs)        000FB8
_CCP1CON                    (abs)        000FBD
_CCPR1L                     (abs)        000FBE
_ClsUSART                   text31       0056B0
_ConfigInterrupts           text46       0056BC
_INTCON                     (abs)        000FF2
_INTCON2                    (abs)        000FF1
_INTCON2bits                (abs)        000FF1
_INTCON3bits                (abs)        000FF0
_INTCONbits                 (abs)        000FF2
_LATA                       (abs)        000F89
_LATB                       (abs)        000F8A
_LATBbits                   (abs)        000F8A
_LATC                       (abs)        000F8B
_LATD                       (abs)        000F8C
_LATE                       (abs)        000F8D
_Lcd_Chr_CP                 text43       004078
_Lcd_Cmd                    text45       0041AC
_Lcd_Init                   text44       004650
_Lcd_Out                    text42       004EF0
_OpenTmr0                   text50       005698
_OpnUSART                   text30       00542A
_PIE1                       (abs)        000F9D
_PIE1bits                   (abs)        000F9D
_PIR1bits                   (abs)        000F9E
_PORTA                      (abs)        000F80
_PORTB                      (abs)        000F81
_PORTBbits                  (abs)        000F81
_PORTC                      (abs)        000F82
_PORTCbits                  (abs)        000F82
_PORTD                      (abs)        000F83
_PORTDbits                  (abs)        000F83
_PORTE                      (abs)        000F84
_PORTEbits                  (abs)        000F84
_PR2                        (abs)        000FCB
_PWM1_Init                  text40       004B7C
_PWM1_Set_Duty              text37       0051A6
_PWM1_Start                 text36       005646
_RCONbits                   (abs)        000FD0
_RCREG                      (abs)        000FAE
_RCSTA                      (abs)        000FAB
_RCSTAbits                  (abs)        000FAB
_SPBRG                      (abs)        000FAF
_T0CONbits                  (abs)        000FD5
_T2CONbits                  (abs)        000FCA
_TMR0H                      (abs)        000FD7
_TMR0L                      (abs)        000FD6
_TRISA                      (abs)        000F92
_TRISB                      (abs)        000F93
_TRISBbits                  (abs)        000F93
_TRISC                      (abs)        000F94
_TRISCbits                  (abs)        000F94
_TRISD                      (abs)        000F95
_TRISDbits                  (abs)        000F95
_TRISE                      (abs)        000F96
_TRISEbits                  (abs)        000F96
_TXREG                      (abs)        000FAD
_TXSTA                      (abs)        000FAC
_TXSTAbits                  (abs)        000FAC
__HRAM                      (abs)        000000
__Habs1                     abs1         000000
__Hbank0                    bank0        000000
__Hbank1                    bank1        000000
__Hbank2                    bank2        000000
__Hbank3                    bank3        000000
__Hbank4                    bank4        000000
__Hbank5                    bank5        000000
__Hbigbss                   bigbss       000000
__Hbigdata                  bigdata      000000
__Hbigram                   bigram       000000
__Hbss                      bss          000000
__HbssBANK0                 bssBANK0     000000
__HbssBANK1                 bssBANK1     000000
__HbssBANK2                 bssBANK2     000000
__HbssBANK3                 bssBANK3     000000
__HbssCOMRAM                bssCOMRAM    000000
__Hcinit                    cinit        000000
__Hclrtext                  clrtext      000000
__Hcomram                   comram       000000
__Hconfig                   config       30000E
__Hconst                    const        000000
__HcstackBANK0              cstackBANK0  000000
__HcstackCOMRAM             cstackCOMRAM 000000
__Hdata                     data         000000
__HdataBANK0                dataBANK0    000000
__HdataCOMRAM               dataCOMRAM   000000
__Heeprom_data              eeprom_data  000000
__Hfarbss                   farbss       000000
__Hfardata                  fardata      000000
__Hibigdata                 ibigdata     000000
__Hidata                    idata        000000
__HidataBANK0               idataBANK0   000000
__HidataCOMRAM              idataCOMRAM  000000
__Hidloc                    idloc        200008
__Hifardata                 ifardata     000000
__Hinit                     init         000012
__Hintcode                  intcode      00000E
__Hintcode_body             intcode_body 000000
__Hintcodelo                intcodelo    00000E
__Hintentry                 intentry     000000
__Hintret                   intret       000000
__Hintsave_regs             intsave_regs 000000
__Hirdata                   irdata       000000
__Hmediumconst              mediumconst  000000
__HnvFARRAM                 nvFARRAM     000000
__Hnvbit                    nvbit        000000
__Hnvrram                   nvrram       000000
__Hparam                    rparam       000000
__Hpowerup                  powerup      00000E
__Hram                      ram          000000
__Hramtop                   ramtop       000600
__Hrbit                     rbit         000000
__Hrbss                     rbss         000000
__Hrdata                    rdata        000000
__Hreset_vec                reset_vec    000004
__Hrparam                   rparam       000000
__Hsfr                      sfr          000000
__Hsmallconst               smallconst   0006EC
__Hspace_0                  (abs)        0056E5
__Hspace_1                  (abs)        000332
__Hspace_2                  (abs)        000000
__Hspace_4                  (abs)        60000E
__Hstack                    stack        000000
__Hstruct                   struct       000000
__Htemp                     temp         000078
__Htext                     text         000000
__Htext0                    text0        000000
__Htext1                    text1        000000
__Htext10                   text10       000000
__Htext11                   text11       000000
__Htext12                   text12       000000
__Htext13                   text13       000000
__Htext14                   text14       000000
__Htext15                   text15       000000
__Htext16                   text16       000000
__Htext17                   text17       000000
__Htext18                   text18       000000
__Htext19                   text19       000000
__Htext2                    text2        000000
__Htext20                   text20       000000
__Htext21                   text21       000000
__Htext22                   text22       000000
__Htext23                   text23       000000
__Htext24                   text24       000000
__Htext25                   text25       000000
__Htext26                   text26       000000
__Htext27                   text27       000000
__Htext28                   text28       000000
__Htext29                   text29       000000
__Htext3                    text3        000000
__Htext30                   text30       000000
__Htext31                   text31       000000
__Htext32                   text32       000000
__Htext33                   text33       000000
__Htext34                   text34       000000
__Htext35                   text35       000000
__Htext36                   text36       000000
__Htext37                   text37       000000
__Htext38                   text38       000000
__Htext39                   text39       000000
__Htext4                    text4        000000
__Htext40                   text40       000000
__Htext41                   text41       000000
__Htext42                   text42       000000
__Htext43                   text43       000000
__Htext44                   text44       000000
__Htext45                   text45       000000
__Htext46                   text46       000000
__Htext48                   text48       000000
__Htext49                   text49       000000
__Htext5                    text5        000000
__Htext50                   text50       000000
__Htext6                    text6        000000
__Htext7                    text7        000000
__Htext8                    text8        000000
__Htext9                    text9        000000
__LRAM                      (abs)        000001
__Labs1                     abs1         000000
__Lbank0                    bank0        000000
__Lbank1                    bank1        000000
__Lbank2                    bank2        000000
__Lbank3                    bank3        000000
__Lbank4                    bank4        000000
__Lbank5                    bank5        000000
__Lbigbss                   bigbss       000000
__Lbigdata                  bigdata      000000
__Lbigram                   bigram       000000
__Lbss                      bss          000000
__LbssBANK0                 bssBANK0     000000
__LbssBANK1                 bssBANK1     000000
__LbssBANK2                 bssBANK2     000000
__LbssBANK3                 bssBANK3     000000
__LbssCOMRAM                bssCOMRAM    000000
__Lcinit                    cinit        000000
__Lclrtext                  clrtext      000000
__Lcomram                   comram       000000
__Lconfig                   config       000000
__Lconst                    const        000000
__LcstackBANK0              cstackBANK0  000000
__LcstackCOMRAM             cstackCOMRAM 000000
__Ldata                     data         000000
__LdataBANK0                dataBANK0    000000
__LdataCOMRAM               dataCOMRAM   000000
__Leeprom_data              eeprom_data  000000
__Lfarbss                   farbss       000000
__Lfardata                  fardata      000000
__Libigdata                 ibigdata     000000
__Lidata                    idata        000000
__LidataBANK0               idataBANK0   000000
__LidataCOMRAM              idataCOMRAM  000000
__Lidloc                    idloc        000000
__Lifardata                 ifardata     000000
__Linit                     init         00000E
__Lintcode                  intcode      000008
__Lintcode_body             intcode_body 000000
__Lintcodelo                intcodelo    00000E
__Lintentry                 intentry     000000
__Lintret                   intret       000000
__Lintsave_regs             intsave_regs 000000
__Lirdata                   irdata       000000
__Lmediumconst              mediumconst  000000
__LnvFARRAM                 nvFARRAM     000000
__Lnvbit                    nvbit        000000
__Lnvrram                   nvrram       000000
__Lparam                    rparam       000000
__Lpowerup                  powerup      00000E
__Lram                      ram          000000
__Lramtop                   ramtop       000600
__Lrbit                     rbit         000000
__Lrbss                     rbss         000000
__Lrdata                    rdata        000000
__Lreset_vec                reset_vec    000000
__Lrparam                   rparam       000000
__Lsfr                      sfr          000000
__Lsmallconst               smallconst   000600
__Lspace_0                  (abs)        000000
__Lspace_1                  (abs)        000000
__Lspace_2                  (abs)        000000
__Lspace_4                  (abs)        000000
__Lstack                    stack        000000
__Lstruct                   struct       000000
__Ltemp                     temp         000077
__Ltext                     text         000000
__Ltext0                    text0        000000
__Ltext1                    text1        000000
__Ltext10                   text10       000000
__Ltext11                   text11       000000
__Ltext12                   text12       000000
__Ltext13                   text13       000000
__Ltext14                   text14       000000
__Ltext15                   text15       000000
__Ltext16                   text16       000000
__Ltext17                   text17       000000
__Ltext18                   text18       000000
__Ltext19                   text19       000000
__Ltext2                    text2        000000
__Ltext20                   text20       000000
__Ltext21                   text21       000000
__Ltext22                   text22       000000
__Ltext23                   text23       000000
__Ltext24                   text24       000000
__Ltext25                   text25       000000
__Ltext26                   text26       000000
__Ltext27                   text27       000000
__Ltext28                   text28       000000
__Ltext29                   text29       000000
__Ltext3                    text3        000000
__Ltext30                   text30       000000
__Ltext31                   text31       000000
__Ltext32                   text32       000000
__Ltext33                   text33       000000
__Ltext34                   text34       000000
__Ltext35                   text35       000000
__Ltext36                   text36       000000
__Ltext37                   text37       000000
__Ltext38                   text38       000000
__Ltext39                   text39       000000
__Ltext4                    text4        000000
__Ltext40                   text40       000000
__Ltext41                   text41       000000
__Ltext42                   text42       000000
__Ltext43                   text43       000000
__Ltext44                   text44       000000
__Ltext45                   text45       000000
__Ltext46                   text46       000000
__Ltext48                   text48       000000
__Ltext49                   text49       000000
__Ltext5                    text5        000000
__Ltext50                   text50       000000
__Ltext6                    text6        000000
__Ltext7                    text7        000000
__Ltext8                    text8        000000
__Ltext9                    text9        000000
__S0                        (abs)        0056E5
__S1                        (abs)        000332
__S2                        (abs)        000000
__S4                        (abs)        000000
__S5                        (abs)        000000
___aldiv                    text41       004760
___aldiv@counter            cstackCOMRAM 00000E
___aldiv@dividend           cstackCOMRAM 000006
___aldiv@divisor            cstackCOMRAM 00000A
___aldiv@quotient           cstackCOMRAM 000010
___aldiv@sign               cstackCOMRAM 00000F
___awdiv                    text4        004E2C
___awdiv@counter            cstackCOMRAM 000010
___awdiv@dividend           cstackCOMRAM 00000C
___awdiv@divisor            cstackCOMRAM 00000E
___awdiv@quotient           cstackCOMRAM 000012
___awdiv@sign               cstackCOMRAM 000011
___awmod                    text3        004FA8
___awmod@counter            cstackCOMRAM 00000A
___awmod@dividend           cstackCOMRAM 000006
___awmod@divisor            cstackCOMRAM 000008
___awmod@sign               cstackCOMRAM 00000B
___fladd                    text17       001F72
___fladd@a                  cstackCOMRAM 00004B
___fladd@aexp               cstackCOMRAM 000054
___fladd@b                  cstackCOMRAM 000047
___fladd@bexp               cstackCOMRAM 000055
___fladd@grs                cstackCOMRAM 000056
___fladd@signs              cstackCOMRAM 000053
___fldiv                    text35       002C68
___fldiv@a                  cstackCOMRAM 00003E
___fldiv@aexp               cstackCOMRAM 000052
___fldiv@b                  cstackCOMRAM 00003A
___fldiv@bexp               cstackCOMRAM 000051
___fldiv@grs                cstackCOMRAM 00004D
___fldiv@new_exp            cstackCOMRAM 00004B
___fldiv@rem                cstackCOMRAM 000046
___fldiv@sign               cstackCOMRAM 00004A
___fleq                     text20       005058
___fleq@ff1                 cstackCOMRAM 000006
___fleq@ff2                 cstackCOMRAM 00000A
___flge                     text19       004A78
___flge@ff1                 cstackCOMRAM 000021
___flge@ff2                 cstackCOMRAM 000025
___flmul                    text9        002432
___flmul@a                  cstackCOMRAM 000025
___flmul@aexp               cstackCOMRAM 00002E
___flmul@b                  cstackCOMRAM 000021
___flmul@bexp               cstackCOMRAM 000033
___flmul@grs                cstackCOMRAM 00002F
___flmul@prod               cstackCOMRAM 000034
___flmul@sign               cstackCOMRAM 00002D
___flmul@temp               cstackCOMRAM 000038
___flneg                    text18       0055AC
___flneg@f1                 cstackCOMRAM 000006
___flsub                    text16       005566
___flsub@a                  cstackCOMRAM 00005B
___flsub@b                  cstackCOMRAM 000057
___fltol                    text15       00486C
___fltol@exp1               cstackCOMRAM 00005C
___fltol@f1                 cstackCOMRAM 000053
___fltol@sign1              cstackCOMRAM 00005B
___inthi_sp                 stack        000000
___intlo_sp                 stack        000000
___lldiv                    text39       005102
___lldiv@counter            cstackCOMRAM 00001E
___lldiv@dividend           cstackCOMRAM 000012
___lldiv@divisor            cstackCOMRAM 000016
___lldiv@quotient           cstackCOMRAM 00001A
___llmod                    text14       005238
___llmod@counter            cstackCOMRAM 000027
___llmod@dividend           cstackCOMRAM 00001F
___llmod@divisor            cstackCOMRAM 000023
___lmul                     text38       005498
___lmul@multiplicand        cstackCOMRAM 00000A
___lmul@multiplier          cstackCOMRAM 000006
___lmul@product             cstackCOMRAM 00000E
___lwdiv                    text8        0053B6
___lwdiv@counter            cstackCOMRAM 000010
___lwdiv@dividend           cstackCOMRAM 00000C
___lwdiv@divisor            cstackCOMRAM 00000E
___lwdiv@quotient           cstackCOMRAM 000011
___lwmod                    text7        005502
___lwmod@counter            cstackCOMRAM 00000A
___lwmod@dividend           cstackCOMRAM 000006
___lwmod@divisor            cstackCOMRAM 000008
___param_bank               (abs)        000000
___rparam_used              (abs)        000001
___sp                       stack        000000
___wmul                     text13       005672
___wmul@multiplicand        cstackCOMRAM 000008
___wmul@multiplier          cstackCOMRAM 000006
___wmul@product             cstackCOMRAM 00000A
___xxtofl                   text12       003A84
___xxtofl@arg               cstackCOMRAM 00001D
___xxtofl@exp               cstackCOMRAM 00001C
___xxtofl@sign              cstackCOMRAM 00001B
___xxtofl@val               cstackCOMRAM 000013
__accesstop                 (abs)        000080
__activetblptr              (abs)        000002
__div_to_l_                 text11       003F2C
__div_to_l_@cntr            cstackCOMRAM 000012
__div_to_l_@exp1            cstackCOMRAM 000013
__div_to_l_@f1              cstackCOMRAM 000006
__div_to_l_@f2              cstackCOMRAM 00000A
__div_to_l_@quot            cstackCOMRAM 00000E
__end_of_ClsUSART           text31       0056BC
__end_of_ConfigInterrupts   text46       0056C8
__end_of_Lcd_Chr_CP         text43       0041AC
__end_of_Lcd_Cmd            text45       0042D8
__end_of_Lcd_Init           text44       004760
__end_of_Lcd_Out            text42       004FA8
__end_of_OpenTmr0           text50       0056B0
__end_of_OpnUSART           text30       005498
__end_of_PWM1_Init          text40       004C6E
__end_of_PWM1_Set_Duty      text37       005238
__end_of_PWM1_Start         text36       005672
__end_of___aldiv            text41       00486C
__end_of___awdiv            text4        004EF0
__end_of___awmod            text3        005058
__end_of___fladd            text17       002432
__end_of___fldiv            text35       003002
__end_of___fleq             text20       005102
__end_of___flge             text19       004B7C
__end_of___flmul            text9        00285C
__end_of___flneg            text18       0055E4
__end_of___flsub            text16       0055AC
__end_of___fltol            text15       004972
__end_of___lldiv            text39       0051A6
__end_of___llmod            text14       0052C0
__end_of___lmul             text38       005502
__end_of___lwdiv            text8        00542A
__end_of___lwmod            text7        005566
__end_of___wmul             text13       005698
__end_of___xxtofl           text12       003C38
__end_of__div_to_l_         text11       004078
__end_of__initialization    cinit        0053A8
__end_of__npowers_          smallconst   000669
__end_of__powers_           smallconst   000635
__end_of__tdiv_to_l_        text10       003F2C
__end_of_adc_amostra        text34       00533C
__end_of_adc_init           text33       0056D2
__end_of_checkCRC           text32       00452E
__end_of_clearResponse      text29       005646
__end_of_decodeIt           text21       004E2C
__end_of_dpowers            smallconst   000691
__end_of_fround             text6        0032A4
__end_of_generateCRC        text28       004D5E
__end_of_isdigit            text5        005616
__end_of_isr                intcode_body 003DD6
__end_of_main               text0        001F72
__end_of_modbusDelay        text49       0056DC
__end_of_readCoil           text27       0036FC
__end_of_readInputCoil      text26       0034D0
__end_of_readInputReg       text25       003A84
__end_of_readReg            text24       0038C0
__end_of_scale              text2        002C68
__end_of_sprintf            text1        00146E
__end_of_writeCoil          text23       004650
__end_of_writeReg           text22       004A78
__end_ofi2_Lcd_Cmd          text48       004404
__initialization            cinit        00533C
__mediumconst               mediumconst  000000
__npowers_                  smallconst   000635
__pbssBANK0                 bssBANK0     000080
__pbssBANK1                 bssBANK1     000100
__pbssBANK2                 bssBANK2     000200
__pbssBANK3                 bssBANK3     000300
__pbssCOMRAM                bssCOMRAM    000071
__pcinit                    cinit        00533C
__pcstackBANK0              cstackBANK0  0000B2
__pcstackCOMRAM             cstackCOMRAM 000001
__pdataBANK0                dataBANK0    0000D5
__pdataCOMRAM               dataCOMRAM   000076
__pidataBANK0               idataBANK0   0056DC
__pidataCOMRAM              idataCOMRAM  0056E4
__pintcode                  intcode      000008
__pintcode_body             intcode_body 003C38
__powers_                   smallconst   000601
__psmallconst               smallconst   000600
__ptext0                    text0        00146E
__ptext1                    text1        0006EC
__ptext10                   text10       003DD6
__ptext11                   text11       003F2C
__ptext12                   text12       003A84
__ptext13                   text13       005672
__ptext14                   text14       005238
__ptext15                   text15       00486C
__ptext16                   text16       005566
__ptext17                   text17       001F72
__ptext18                   text18       0055AC
__ptext19                   text19       004A78
__ptext2                    text2        00285C
__ptext20                   text20       005058
__ptext21                   text21       004D5E
__ptext22                   text22       004972
__ptext23                   text23       00452E
__ptext24                   text24       0036FC
__ptext25                   text25       0038C0
__ptext26                   text26       0032A4
__ptext27                   text27       0034D0
__ptext28                   text28       004C6E
__ptext29                   text29       005616
__ptext3                    text3        004FA8
__ptext30                   text30       00542A
__ptext31                   text31       0056B0
__ptext32                   text32       004404
__ptext33                   text33       0056C8
__ptext34                   text34       0052C0
__ptext35                   text35       002C68
__ptext36                   text36       005646
__ptext37                   text37       0051A6
__ptext38                   text38       005498
__ptext39                   text39       005102
__ptext4                    text4        004E2C
__ptext40                   text40       004B7C
__ptext41                   text41       004760
__ptext42                   text42       004EF0
__ptext43                   text43       004078
__ptext44                   text44       004650
__ptext45                   text45       0041AC
__ptext46                   text46       0056BC
__ptext48                   text48       0042D8
__ptext49                   text49       0056D2
__ptext5                    text5        0055E4
__ptext50                   text50       005698
__ptext6                    text6        003002
__ptext7                    text7        005502
__ptext8                    text8        0053B6
__ptext9                    text9        002432
__ramtop                    ramtop       000600
__size_of_ClsUSART          (abs)        000000
__size_of_ConfigInterrupts  (abs)        000000
__size_of_Lcd_Chr_CP        (abs)        000000
__size_of_Lcd_Cmd           (abs)        000000
__size_of_Lcd_Init          (abs)        000000
__size_of_Lcd_Out           (abs)        000000
__size_of_OpenTmr0          (abs)        000000
__size_of_OpnUSART          (abs)        000000
__size_of_PWM1_Init         (abs)        000000
__size_of_PWM1_Set_Duty     (abs)        000000
__size_of_PWM1_Start        (abs)        000000
__size_of___aldiv           (abs)        000000
__size_of___awdiv           (abs)        000000
__size_of___awmod           (abs)        000000
__size_of___fladd           (abs)        000000
__size_of___fldiv           (abs)        000000
__size_of___fleq            (abs)        000000
__size_of___flge            (abs)        000000
__size_of___flmul           (abs)        000000
__size_of___flneg           (abs)        000000
__size_of___flsub           (abs)        000000
__size_of___fltol           (abs)        000000
__size_of___lldiv           (abs)        000000
__size_of___llmod           (abs)        000000
__size_of___lmul            (abs)        000000
__size_of___lwdiv           (abs)        000000
__size_of___lwmod           (abs)        000000
__size_of___wmul            (abs)        000000
__size_of___xxtofl          (abs)        000000
__size_of__div_to_l_        (abs)        000000
__size_of__tdiv_to_l_       (abs)        000000
__size_of_adc_amostra       (abs)        000000
__size_of_adc_init          (abs)        000000
__size_of_checkCRC          (abs)        000000
__size_of_clearResponse     (abs)        000000
__size_of_decodeIt          (abs)        000000
__size_of_fround            (abs)        000000
__size_of_generateCRC       (abs)        000000
__size_of_isdigit           (abs)        000000
__size_of_isr               (abs)        000000
__size_of_main              (abs)        000000
__size_of_modbusDelay       (abs)        000000
__size_of_readCoil          (abs)        000000
__size_of_readInputCoil     (abs)        000000
__size_of_readInputReg      (abs)        000000
__size_of_readReg           (abs)        000000
__size_of_scale             (abs)        000000
__size_of_sprintf           (abs)        000000
__size_of_writeCoil         (abs)        000000
__size_of_writeReg          (abs)        000000
__size_ofi2_Lcd_Cmd         (abs)        000000
__smallconst                smallconst   000600
__tdiv_to_l_                text10       003DD6
__tdiv_to_l_@cntr           cstackCOMRAM 000015
__tdiv_to_l_@exp1           cstackCOMRAM 000016
__tdiv_to_l_@f1             cstackCOMRAM 000006
__tdiv_to_l_@f2             cstackCOMRAM 00000A
__tdiv_to_l_@quot           cstackCOMRAM 000011
_adcResult                  bssBANK0     0000AC
_adc_amostra                text34       0052C0
_adc_init                   text33       0056C8
_checkCRC                   text32       004404
_clearResponse              text29       005616
_coils                      bssBANK2     00027D
_decodeIt                   text21       004D5E
_dpowers                    smallconst   000669
_endOfMessage               bssCOMRAM    000075
_err                        bssBANK0     000080
_fround                     text6        003002
_fround$2475                cstackCOMRAM 000042
_fround$2476                cstackCOMRAM 00003E
_generateCRC                text28       004C6E
_holdingReg                 bssBANK1     00017D
_isdigit                    text5        0055E4
_isdigit$2278               cstackCOMRAM 000007
_isr                        intcode      000008
_kd                         bssBANK0     0000A8
_ki                         dataBANK0    0000D7
_kp                         dataBANK0    0000D9
_lastErr                    bssBANK0     000088
_ligarAquecedor             bssBANK0     0000A4
_main                       text0        00146E
_main$2473                  cstackBANK0  0000CD
_main$2474                  cstackBANK0  0000D1
_messageLength              bssCOMRAM    000073
_modbusDelay                text49       0056D2
_modbusMessage              bssCOMRAM    000072
_modoOperacao               bssBANK0     0000AA
_newMessage                 dataCOMRAM   000076
_origemParametrosManual     dataBANK0    0000DB
_pidSum                     bssBANK0     00008C
_pidVentVal                 bssBANK0     000084
_readCoil                   text27       0034D0
_readInputCoil              text26       0032A4
_readInputReg               text25       0038C0
_readReg                    text24       0036FC
_received                   bssBANK2     000200
_response                   bssBANK1     000100
_scale                      text2        00285C
_scale$2477                 cstackCOMRAM 00003E
_sprintf                    text1        0006EC
_sprintf$2478               cstackBANK0  0000B2
_strLcd1                    bssBANK3     000300
_strLcd2                    bssBANK2     0002AF
_tempSetpoint               dataBANK0    0000D5
_temperatura                bssBANK0     0000A0
_timerCount                 bssCOMRAM    000074
_timerHeatCount             bssBANK0     0000A6
_valPotenciometroHeat       bssBANK0     000094
_valPotenciometroHeatToDuty bssBANK0     000098
_valPotenciometroVent       bssBANK0     000090
_valPotenciometroVentToDuty bssBANK0     00009C
_voltPotenciometro          bssBANK0     0000AE
_writeCoil                  text23       00452E
_writeReg                   text22       004972
_z                          bssCOMRAM    000071
adc_amostra@canal           cstackCOMRAM 00000C
btemp                       temp         000077
checkCRC@crc                cstackCOMRAM 000011
checkCRC@crcHigh            cstackCOMRAM 00000B
checkCRC@crcLow             cstackCOMRAM 00000D
checkCRC@i                  cstackCOMRAM 000013
checkCRC@j                  cstackCOMRAM 00000F
clearResponse@i             cstackCOMRAM 00000B
end_of_initialization       cinit        0053A8
fround@prec                 cstackCOMRAM 000046
generateCRC@crc             cstackCOMRAM 000016
generateCRC@crcHigh         cstackCOMRAM 000010
generateCRC@crcLow          cstackCOMRAM 00000E
generateCRC@i               cstackCOMRAM 000012
generateCRC@j               cstackCOMRAM 000014
generateCRC@messageLength   cstackCOMRAM 00000D
i2Lcd_Cmd@data              cstackCOMRAM 000003
i2_Lcd_Cmd                  text48       0042D8
int$flags                   temp         000077
int_func                    intcode_body 003C38
intlevel0                   text         000000
intlevel1                   text         000000
intlevel2                   text         000000
intlevel3                   text         000000
isdigit@c                   cstackCOMRAM 000008
readCoil@crc                cstackCOMRAM 00001E
readCoil@howManyBytes       cstackCOMRAM 000021
readCoil@i                  cstackCOMRAM 000026
readCoil@j                  cstackCOMRAM 000027
readCoil@k                  cstackCOMRAM 000028
readCoil@l                  cstackCOMRAM 000024
readCoil@lsb                cstackCOMRAM 000025
readCoil@rc_Address         cstackCOMRAM 00001C
readCoil@rc_numCoils        cstackCOMRAM 000022
readCoil@remainder          cstackCOMRAM 000020
readInputCoil@crc           cstackCOMRAM 00001E
readInputCoil@howManyBytes  cstackCOMRAM 000021
readInputCoil@i             cstackCOMRAM 000026
readInputCoil@j             cstackCOMRAM 000027
readInputCoil@k             cstackCOMRAM 000028
readInputCoil@l             cstackCOMRAM 000024
readInputCoil@lsb           cstackCOMRAM 000025
readInputCoil@rc_Address    cstackCOMRAM 00001C
readInputCoil@rc_numCoils   cstackCOMRAM 000022
readInputCoil@remainder     cstackCOMRAM 000020
readInputReg@crc            cstackCOMRAM 00001A
readInputReg@i              cstackCOMRAM 000020
readInputReg@j              cstackCOMRAM 000022
readInputReg@rr_Address     cstackCOMRAM 00001C
readInputReg@rr_numRegs     cstackCOMRAM 00001E
readReg@crc                 cstackCOMRAM 00001A
readReg@i                   cstackCOMRAM 000020
readReg@j                   cstackCOMRAM 000022
readReg@rr_Address          cstackCOMRAM 00001C
readReg@rr_numRegs          cstackCOMRAM 00001E
scale@scl                   cstackCOMRAM 000042
sprintf@ap                  cstackBANK0  0000B6
sprintf@c                   cstackBANK0  0000CC
sprintf@eexp                cstackBANK0  0000C0
sprintf@f                   cstackCOMRAM 000061
sprintf@flag                cstackBANK0  0000C2
sprintf@fval                cstackBANK0  0000C6
sprintf@prec                cstackBANK0  0000CA
sprintf@sp                  cstackCOMRAM 00005F
sprintf@tmpval              cstackBANK0  0000B8
sprintf@val                 cstackBANK0  0000BC
sprintf@width               cstackBANK0  0000C4
stackhi                     (abs)        0005FF
stacklo                     (abs)        000332
start                       init         00000E
start_initialization        cinit        00533C
ttemp5                      temp         000078
ttemp6                      temp         00007B
ttemp7                      temp         00007F
writeCoil@crc               cstackCOMRAM 000022
writeCoil@i                 cstackCOMRAM 000026
writeCoil@wc_Address        cstackCOMRAM 000024
writeCoil@wc_AddressHigh    cstackCOMRAM 00001A
writeCoil@wc_AddressLow     cstackCOMRAM 000018
writeCoil@wc_valToWrite     cstackCOMRAM 000020
writeCoil@wc_valToWriteHigh cstackCOMRAM 00001E
writeCoil@wc_valToWriteLow  cstackCOMRAM 00001C
writeReg@crc                cstackCOMRAM 000024
writeReg@i                  cstackCOMRAM 000026
writeReg@wr_Address         cstackCOMRAM 000020
writeReg@wr_AddressHigh     cstackCOMRAM 00001A
writeReg@wr_AddressLow      cstackCOMRAM 000018
writeReg@wr_valToWrite      cstackCOMRAM 000022
writeReg@wr_valToWriteHigh  cstackCOMRAM 00001E
writeReg@wr_valToWriteLow   cstackCOMRAM 00001C
wtemp8                      temp         000078


FUNCTION INFORMATION:

 *************** function _main *****************
 Defined at:
		line 51 in file "mainTP.c"
 Parameters:    Size  Location     Type
		None
 Auto vars:     Size  Location     Type
		None
 Return value:  Size  Location     Type
                  1    wreg      void 
 Registers used:
		wreg, fsr1l, fsr1h, fsr2l, fsr2h, status,2, status,0, tblptrl, tblptrh, tblptru, prodl, prodh, cstack
 Tracked objects:
		On entry : 
		On exit  : 
		Unchanged: 
 Data sizes:     COMRAM   BANK0   BANK1   BANK2   BANK3   BANK4   BANK5
      Params:         0       0       0       0       0       0       0
      Locals:         0       8       0       0       0       0       0
      Temps:          2       0       0       0       0       0       0
      Totals:         2       8       0       0       0       0       0
Total ram usage:       10 bytes
 Hardware stack levels required when called:    7
 This function calls:
		_ConfigInterrupts
		_Lcd_Cmd
		_Lcd_Init
		_Lcd_Out
		_OpnUSART
		_PWM1_Init
		_PWM1_Set_Duty
		_PWM1_Start
		___fladd
		___fldiv
		___fleq
		___flge
		___flmul
		___flsub
		___fltol
		___lwdiv
		___wmul
		___xxtofl
		_adc_amostra
		_adc_init
		_decodeIt
		_sprintf
 This function is called by:
		Startup code after reset
 This function uses a non-reentrant model


 *************** function _sprintf *****************
 Defined at:
		line 505 in file "C:\Program Files\Microchip\xc8\v2.31\pic\sources\c90\common\doprnt.c"
 Parameters:    Size  Location     Type
  sp              2   94[COMRAM] PTR unsigned char 
		 -> strLcd2(50), strLcd1(50), 
  f               2   96[COMRAM] PTR const unsigned char 
		 -> STR_8(14), STR_7(6), STR_5(20), STR_4(9), 
		 -> STR_3(9), STR_2(12), STR_1(8), 
 Auto vars:     Size  Location     Type
  fval            4   20[BANK0 ] PTR const unsigned char 
  val             4   10[BANK0 ] unsigned long 
  tmpval          4    6[BANK0 ] struct .
  cp              3    0        PTR const unsigned char 
  prec            2   24[BANK0 ] int 
  width           2   18[BANK0 ] int 
  flag            2   16[BANK0 ] unsigned short 
  eexp            2   14[BANK0 ] int 
  ap              2    4[BANK0 ] PTR void [1]
		 -> ?_sprintf(2), 
  len             2    0        unsigned int 
  c               1   26[BANK0 ] unsigned char 
  d               1    0        unsigned char 
 Return value:  Size  Location     Type
                  2   94[COMRAM] int 
 Registers used:
		wreg, fsr2l, fsr2h, status,2, status,0, tblptrl, tblptrh, tblptru, prodl, prodh, cstack
 Tracked objects:
		On entry : 
		On exit  : 
		Unchanged: 
 Data sizes:     COMRAM   BANK0   BANK1   BANK2   BANK3   BANK4   BANK5
      Params:        12       0       0       0       0       0       0
      Locals:         0      27       0       0       0       0       0
      Temps:          4       0       0       0       0       0       0
      Totals:        16      27       0       0       0       0       0
Total ram usage:       43 bytes
 Hardware stack levels used:    1
 Hardware stack levels required when called:    4
 This function calls:
		___awdiv
		___fladd
		___fleq
		___flge
		___flmul
		___flneg
		___flsub
		___fltol
		___lldiv
		___llmod
		___wmul
		___xxtofl
		__div_to_l_
		__tdiv_to_l_
		_fround
		_isdigit
		_scale
 This function is called by:
		_main
 This function uses a non-reentrant model


 *************** function _scale *****************
 Defined at:
		line 433 in file "C:\Program Files\Microchip\xc8\v2.31\pic\sources\c90\common\doprnt.c"
 Parameters:    Size  Location     Type
  scl             1    wreg     char 
 Auto vars:     Size  Location     Type
  scl             1   65[COMRAM] char 
 Return value:  Size  Location     Type
                  4   57[COMRAM] char 
 Registers used:
		wreg, status,2, status,0, tblptrl, tblptrh, tblptru, prodl, prodh, cstack
 Tracked objects:
		On entry : 
		On exit  : 
		Unchanged: 
 Data sizes:     COMRAM   BANK0   BANK1   BANK2   BANK3   BANK4   BANK5
      Params:         4       0       0       0       0       0       0
      Locals:         5       0       0       0       0       0       0
      Temps:          0       0       0       0       0       0       0
      Totals:         9       0       0       0       0       0       0
Total ram usage:        9 bytes
 Hardware stack levels used:    1
 Hardware stack levels required when called:    3
 This function calls:
		___awdiv
		___awmod
		___flmul
 This function is called by:
		_sprintf
 This function uses a non-reentrant model


 *************** function ___awmod *****************
 Defined at:
		line 7 in file "C:\Program Files\Microchip\xc8\v2.31\pic\sources\c90\common\awmod.c"
 Parameters:    Size  Location     Type
  dividend        2    5[COMRAM] int 
  divisor         2    7[COMRAM] int 
 Auto vars:     Size  Location     Type
  sign            1   10[COMRAM] unsigned char 
  counter         1    9[COMRAM] unsigned char 
 Return value:  Size  Location     Type
                  2    5[COMRAM] int 
 Registers used:
		wreg, status,2, status,0
 Tracked objects:
		On entry : 
		On exit  : 
		Unchanged: 
 Data sizes:     COMRAM   BANK0   BANK1   BANK2   BANK3   BANK4   BANK5
      Params:         4       0       0       0       0       0       0
      Locals:         2       0       0       0       0       0       0
      Temps:          0       0       0       0       0       0       0
      Totals:         6       0       0       0       0       0       0
Total ram usage:        6 bytes
 Hardware stack levels used:    1
 Hardware stack levels required when called:    2
 This function calls:
		Nothing
 This function is called by:
		_scale
 This function uses a non-reentrant model


 *************** function ___awdiv *****************
 Defined at:
		line 7 in file "C:\Program Files\Microchip\xc8\v2.31\pic\sources\c90\common\awdiv.c"
 Parameters:    Size  Location     Type
  dividend        2   11[COMRAM] int 
  divisor         2   13[COMRAM] int 
 Auto vars:     Size  Location     Type
  quotient        2   17[COMRAM] int 
  sign            1   16[COMRAM] unsigned char 
  counter         1   15[COMRAM] unsigned char 
 Return value:  Size  Location     Type
                  2   11[COMRAM] int 
 Registers used:
		wreg, status,2, status,0
 Tracked objects:
		On entry : 
		On exit  : 
		Unchanged: 
 Data sizes:     COMRAM   BANK0   BANK1   BANK2   BANK3   BANK4   BANK5
      Params:         4       0       0       0       0       0       0
      Locals:         4       0       0       0       0       0       0
      Temps:          0       0       0       0       0       0       0
      Totals:         8       0       0       0       0       0       0
Total ram usage:        8 bytes
 Hardware stack levels used:    1
 Hardware stack levels required when called:    2
 This function calls:
		Nothing
 This function is called by:
		_scale
		_sprintf
 This function uses a non-reentrant model


 *************** function _isdigit *****************
 Defined at:
		line 8 in file "C:\Program Files\Microchip\xc8\v2.31\pic\sources\c90\common\isdigit.c"
 Parameters:    Size  Location     Type
  c               1    wreg     unsigned char 
 Auto vars:     Size  Location     Type
  c               1    7[COMRAM] unsigned char 
 Return value:  Size  Location     Type
		None               void
 Registers used:
		wreg, status,2, status,0
 Tracked objects:
		On entry : 
		On exit  : 
		Unchanged: 
 Data sizes:     COMRAM   BANK0   BANK1   BANK2   BANK3   BANK4   BANK5
      Params:         0       0       0       0       0       0       0
      Locals:         2       0       0       0       0       0       0
      Temps:          1       0       0       0       0       0       0
      Totals:         3       0       0       0       0       0       0
Total ram usage:        3 bytes
 Hardware stack levels used:    1
 Hardware stack levels required when called:    2
 This function calls:
		Nothing
 This function is called by:
		_sprintf
 This function uses a non-reentrant model


 *************** function _fround *****************
 Defined at:
		line 417 in file "C:\Program Files\Microchip\xc8\v2.31\pic\sources\c90\common\doprnt.c"
 Parameters:    Size  Location     Type
  prec            1    wreg     unsigned char 
 Auto vars:     Size  Location     Type
  prec            1   69[COMRAM] unsigned char 
 Return value:  Size  Location     Type
                  4   57[COMRAM] unsigned char 
 Registers used:
		wreg, status,2, status,0, tblptrl, tblptrh, tblptru, prodl, prodh, cstack
 Tracked objects:
		On entry : 
		On exit  : 
		Unchanged: 
 Data sizes:     COMRAM   BANK0   BANK1   BANK2   BANK3   BANK4   BANK5
      Params:         4       0       0       0       0       0       0
      Locals:         9       0       0       0       0       0       0
      Temps:          0       0       0       0       0       0       0
      Totals:        13       0       0       0       0       0       0
Total ram usage:       13 bytes
 Hardware stack levels used:    1
 Hardware stack levels required when called:    3
 This function calls:
		___flmul
		___lwdiv
		___lwmod
 This function is called by:
		_sprintf
 This function uses a non-reentrant model


 *************** function ___lwmod *****************
 Defined at:
		line 7 in file "C:\Program Files\Microchip\xc8\v2.31\pic\sources\c90\common\lwmod.c"
 Parameters:    Size  Location     Type
  dividend        2    5[COMRAM] unsigned int 
  divisor         2    7[COMRAM] unsigned int 
 Auto vars:     Size  Location     Type
  counter         1    9[COMRAM] unsigned char 
 Return value:  Size  Location     Type
                  2    5[COMRAM] unsigned int 
 Registers used:
		wreg, status,2, status,0
 Tracked objects:
		On entry : 
		On exit  : 
		Unchanged: 
 Data sizes:     COMRAM   BANK0   BANK1   BANK2   BANK3   BANK4   BANK5
      Params:         4       0       0       0       0       0       0
      Locals:         1       0       0       0       0       0       0
      Temps:          0       0       0       0       0       0       0
      Totals:         5       0       0       0       0       0       0
Total ram usage:        5 bytes
 Hardware stack levels used:    1
 Hardware stack levels required when called:    2
 This function calls:
		Nothing
 This function is called by:
		_fround
 This function uses a non-reentrant model


 *************** function ___lwdiv *****************
 Defined at:
		line 7 in file "C:\Program Files\Microchip\xc8\v2.31\pic\sources\c90\common\lwdiv.c"
 Parameters:    Size  Location     Type
  dividend        2   11[COMRAM] unsigned int 
  divisor         2   13[COMRAM] unsigned int 
 Auto vars:     Size  Location     Type
  quotient        2   16[COMRAM] unsigned int 
  counter         1   15[COMRAM] unsigned char 
 Return value:  Size  Location     Type
                  2   11[COMRAM] unsigned int 
 Registers used:
		wreg, status,2, status,0
 Tracked objects:
		On entry : 
		On exit  : 
		Unchanged: 
 Data sizes:     COMRAM   BANK0   BANK1   BANK2   BANK3   BANK4   BANK5
      Params:         4       0       0       0       0       0       0
      Locals:         3       0       0       0       0       0       0
      Temps:          0       0       0       0       0       0       0
      Totals:         7       0       0       0       0       0       0
Total ram usage:        7 bytes
 Hardware stack levels used:    1
 Hardware stack levels required when called:    2
 This function calls:
		Nothing
 This function is called by:
		_main
		_fround
 This function uses a non-reentrant model


 *************** function ___flmul *****************
 Defined at:
		line 8 in file "C:\Program Files\Microchip\xc8\v2.31\pic\sources\c90\common\sprcmul.c"
 Parameters:    Size  Location     Type
  b               4   32[COMRAM] unsigned int 
  a               4   36[COMRAM] unsigned int 
 Auto vars:     Size  Location     Type
  prod            4   51[COMRAM] struct .
  grs             4   46[COMRAM] unsigned long 
  temp            2   55[COMRAM] struct .
  bexp            1   50[COMRAM] unsigned char 
  aexp            1   45[COMRAM] unsigned char 
  sign            1   44[COMRAM] unsigned char 
 Return value:  Size  Location     Type
                  4   32[COMRAM] unsigned char 
 Registers used:
		wreg, status,2, status,0, prodl, prodh
 Tracked objects:
		On entry : 
		On exit  : 
		Unchanged: 
 Data sizes:     COMRAM   BANK0   BANK1   BANK2   BANK3   BANK4   BANK5
      Params:         8       0       0       0       0       0       0
      Locals:        13       0       0       0       0       0       0
      Temps:          4       0       0       0       0       0       0
      Totals:        25       0       0       0       0       0       0
Total ram usage:       25 bytes
 Hardware stack levels used:    1
 Hardware stack levels required when called:    2
 This function calls:
		Nothing
 This function is called by:
		_main
		_fround
		_scale
		_sprintf
 This function uses a non-reentrant model


 *************** function __tdiv_to_l_ *****************
 Defined at:
		line 60 in file "C:\Program Files\Microchip\xc8\v2.31\pic\sources\c90\common\ftdivl.c"
 Parameters:    Size  Location     Type
  f1              4    5[COMRAM] float 
  f2              4    9[COMRAM] float 
 Auto vars:     Size  Location     Type
  quot            4   16[COMRAM] unsigned long 
  exp1            1   21[COMRAM] unsigned char 
  cntr            1   20[COMRAM] unsigned char 
 Return value:  Size  Location     Type
                  4    5[COMRAM] unsigned long 
 Registers used:
		wreg, status,2, status,0
 Tracked objects:
		On entry : 
		On exit  : 
		Unchanged: 
 Data sizes:     COMRAM   BANK0   BANK1   BANK2   BANK3   BANK4   BANK5
      Params:         8       0       0       0       0       0       0
      Locals:         6       0       0       0       0       0       0
      Temps:          3       0       0       0       0       0       0
      Totals:        17       0       0       0       0       0       0
Total ram usage:       17 bytes
 Hardware stack levels used:    1
 Hardware stack levels required when called:    2
 This function calls:
		Nothing
 This function is called by:
		_sprintf
 This function uses a non-reentrant model


 *************** function __div_to_l_ *****************
 Defined at:
		line 60 in file "C:\Program Files\Microchip\xc8\v2.31\pic\sources\c90\common\fldivl.c"
 Parameters:    Size  Location     Type
  f1              4    5[COMRAM] unsigned long 
  f2              4    9[COMRAM] unsigned long 
 Auto vars:     Size  Location     Type
  quot            4   13[COMRAM] unsigned long 
  exp1            1   18[COMRAM] unsigned char 
  cntr            1   17[COMRAM] unsigned char 
 Return value:  Size  Location     Type
                  4    5[COMRAM] unsigned long 
 Registers used:
		wreg, status,2, status,0
 Tracked objects:
		On entry : 
		On exit  : 
		Unchanged: 
 Data sizes:     COMRAM   BANK0   BANK1   BANK2   BANK3   BANK4   BANK5
      Params:         8       0       0       0       0       0       0
      Locals:         6       0       0       0       0       0       0
      Temps:          0       0       0       0       0       0       0
      Totals:        14       0       0       0       0       0       0
Total ram usage:       14 bytes
 Hardware stack levels used:    1
 Hardware stack levels required when called:    2
 This function calls:
		Nothing
 This function is called by:
		_sprintf
 This function uses a non-reentrant model


 *************** function ___xxtofl *****************
 Defined at:
		line 10 in file "C:\Program Files\Microchip\xc8\v2.31\pic\sources\c90\common\xxtofl.c"
 Parameters:    Size  Location     Type
  sign            1    wreg     unsigned char 
  val             4   18[COMRAM] long 
 Auto vars:     Size  Location     Type
  sign            1   26[COMRAM] unsigned char 
  arg             4   28[COMRAM] unsigned long 
  exp             1   27[COMRAM] unsigned char 
 Return value:  Size  Location     Type
                  4   18[COMRAM] unsigned char 
 Registers used:
		wreg, status,2, status,0
 Tracked objects:
		On entry : 
		On exit  : 
		Unchanged: 
 Data sizes:     COMRAM   BANK0   BANK1   BANK2   BANK3   BANK4   BANK5
      Params:         4       0       0       0       0       0       0
      Locals:         6       0       0       0       0       0       0
      Temps:          4       0       0       0       0       0       0
      Totals:        14       0       0       0       0       0       0
Total ram usage:       14 bytes
 Hardware stack levels used:    1
 Hardware stack levels required when called:    2
 This function calls:
		Nothing
 This function is called by:
		_main
		_sprintf
 This function uses a non-reentrant model


 *************** function ___wmul *****************
 Defined at:
		line 15 in file "C:\Program Files\Microchip\xc8\v2.31\pic\sources\c90\common\Umul16.c"
 Parameters:    Size  Location     Type
  multiplier      2    5[COMRAM] unsigned int 
  multiplicand    2    7[COMRAM] unsigned int 
 Auto vars:     Size  Location     Type
  product         2    9[COMRAM] unsigned int 
 Return value:  Size  Location     Type
                  2    5[COMRAM] unsigned int 
 Registers used:
		wreg, status,2, status,0, prodl, prodh
 Tracked objects:
		On entry : 
		On exit  : 
		Unchanged: 
 Data sizes:     COMRAM   BANK0   BANK1   BANK2   BANK3   BANK4   BANK5
      Params:         4       0       0       0       0       0       0
      Locals:         2       0       0       0       0       0       0
      Temps:          0       0       0       0       0       0       0
      Totals:         6       0       0       0       0       0       0
Total ram usage:        6 bytes
 Hardware stack levels used:    1
 Hardware stack levels required when called:    2
 This function calls:
		Nothing
 This function is called by:
		_main
		_sprintf
 This function uses a non-reentrant model


 *************** function ___llmod *****************
 Defined at:
		line 7 in file "C:\Program Files\Microchip\xc8\v2.31\pic\sources\c90\common\llmod.c"
 Parameters:    Size  Location     Type
  dividend        4   30[COMRAM] unsigned long 
  divisor         4   34[COMRAM] unsigned long 
 Auto vars:     Size  Location     Type
  counter         1   38[COMRAM] unsigned char 
 Return value:  Size  Location     Type
                  4   30[COMRAM] unsigned long 
 Registers used:
		wreg, status,2, status,0
 Tracked objects:
		On entry : 
		On exit  : 
		Unchanged: 
 Data sizes:     COMRAM   BANK0   BANK1   BANK2   BANK3   BANK4   BANK5
      Params:         8       0       0       0       0       0       0
      Locals:         1       0       0       0       0       0       0
      Temps:          0       0       0       0       0       0       0
      Totals:         9       0       0       0       0       0       0
Total ram usage:        9 bytes
 Hardware stack levels used:    1
 Hardware stack levels required when called:    2
 This function calls:
		Nothing
 This function is called by:
		_sprintf
 This function uses a non-reentrant model


 *************** function ___fltol *****************
 Defined at:
		line 43 in file "C:\Program Files\Microchip\xc8\v2.31\pic\sources\c90\common\fltol.c"
 Parameters:    Size  Location     Type
  f1              4   82[COMRAM] unsigned long 
 Auto vars:     Size  Location     Type
  exp1            1   91[COMRAM] unsigned char 
  sign1           1   90[COMRAM] unsigned char 
 Return value:  Size  Location     Type
                  4   82[COMRAM] long 
 Registers used:
		wreg, status,2, status,0
 Tracked objects:
		On entry : 
		On exit  : 
		Unchanged: 
 Data sizes:     COMRAM   BANK0   BANK1   BANK2   BANK3   BANK4   BANK5
      Params:         4       0       0       0       0       0       0
      Locals:         2       0       0       0       0       0       0
      Temps:          4       0       0       0       0       0       0
      Totals:        10       0       0       0       0       0       0
Total ram usage:       10 bytes
 Hardware stack levels used:    1
 Hardware stack levels required when called:    2
 This function calls:
		Nothing
 This function is called by:
		_main
		_sprintf
 This function uses a non-reentrant model


 *************** function ___flsub *****************
 Defined at:
		line 245 in file "C:\Program Files\Microchip\xc8\v2.31\pic\sources\c90\common\sprcadd.c"
 Parameters:    Size  Location     Type
  b               4   86[COMRAM] long 
  a               4   90[COMRAM] long 
 Auto vars:     Size  Location     Type
		None
 Return value:  Size  Location     Type
                  4   86[COMRAM] long 
 Registers used:
		wreg, status,2, status,0, cstack
 Tracked objects:
		On entry : 
		On exit  : 
		Unchanged: 
 Data sizes:     COMRAM   BANK0   BANK1   BANK2   BANK3   BANK4   BANK5
      Params:         8       0       0       0       0       0       0
      Locals:         0       0       0       0       0       0       0
      Temps:          0       0       0       0       0       0       0
      Totals:         8       0       0       0       0       0       0
Total ram usage:        8 bytes
 Hardware stack levels used:    1
 Hardware stack levels required when called:    3
 This function calls:
		___fladd
 This function is called by:
		_main
		_sprintf
 This function uses a non-reentrant model


 *************** function ___fladd *****************
 Defined at:
		line 10 in file "C:\Program Files\Microchip\xc8\v2.31\pic\sources\c90\common\sprcadd.c"
 Parameters:    Size  Location     Type
  b               4   70[COMRAM] long 
  a               4   74[COMRAM] long 
 Auto vars:     Size  Location     Type
  grs             1   85[COMRAM] unsigned char 
  bexp            1   84[COMRAM] unsigned char 
  aexp            1   83[COMRAM] unsigned char 
  signs           1   82[COMRAM] unsigned char 
 Return value:  Size  Location     Type
                  4   70[COMRAM] unsigned char 
 Registers used:
		wreg, status,2, status,0
 Tracked objects:
		On entry : 
		On exit  : 
		Unchanged: 
 Data sizes:     COMRAM   BANK0   BANK1   BANK2   BANK3   BANK4   BANK5
      Params:         8       0       0       0       0       0       0
      Locals:         4       0       0       0       0       0       0
      Temps:          4       0       0       0       0       0       0
      Totals:        16       0       0       0       0       0       0
Total ram usage:       16 bytes
 Hardware stack levels used:    1
 Hardware stack levels required when called:    2
 This function calls:
		Nothing
 This function is called by:
		_main
		_sprintf
		___flsub
 This function uses a non-reentrant model


 *************** function ___flneg *****************
 Defined at:
		line 15 in file "C:\Program Files\Microchip\xc8\v2.31\pic\sources\c90\common\flneg.c"
 Parameters:    Size  Location     Type
  f1              4    5[COMRAM] unsigned char 
 Auto vars:     Size  Location     Type
		None
 Return value:  Size  Location     Type
                  4    5[COMRAM] unsigned char 
 Registers used:
		wreg, status,2, status,0
 Tracked objects:
		On entry : 
		On exit  : 
		Unchanged: 
 Data sizes:     COMRAM   BANK0   BANK1   BANK2   BANK3   BANK4   BANK5
      Params:         4       0       0       0       0       0       0
      Locals:         0       0       0       0       0       0       0
      Temps:          0       0       0       0       0       0       0
      Totals:         4       0       0       0       0       0       0
Total ram usage:        4 bytes
 Hardware stack levels used:    1
 Hardware stack levels required when called:    2
 This function calls:
		Nothing
 This function is called by:
		_sprintf
 This function uses a non-reentrant model


 *************** function ___flge *****************
 Defined at:
		line 4 in file "C:\Program Files\Microchip\xc8\v2.31\pic\sources\c90\common\flge.c"
 Parameters:    Size  Location     Type
  ff1             4   32[COMRAM] unsigned char 
  ff2             4   36[COMRAM] unsigned char 
 Auto vars:     Size  Location     Type
		None
 Return value:  Size  Location     Type
		None               void
 Registers used:
		wreg, status,2, status,0
 Tracked objects:
		On entry : 
		On exit  : 
		Unchanged: 
 Data sizes:     COMRAM   BANK0   BANK1   BANK2   BANK3   BANK4   BANK5
      Params:         8       0       0       0       0       0       0
      Locals:         0       0       0       0       0       0       0
      Temps:          4       0       0       0       0       0       0
      Totals:        12       0       0       0       0       0       0
Total ram usage:       12 bytes
 Hardware stack levels used:    1
 Hardware stack levels required when called:    2
 This function calls:
		Nothing
 This function is called by:
		_main
		_sprintf
 This function uses a non-reentrant model


 *************** function ___fleq *****************
 Defined at:
		line 4 in file "C:\Program Files\Microchip\xc8\v2.31\pic\sources\c90\common\fleq.c"
 Parameters:    Size  Location     Type
  ff1             4    5[COMRAM] unsigned char 
  ff2             4    9[COMRAM] unsigned char 
 Auto vars:     Size  Location     Type
		None
 Return value:  Size  Location     Type
		None               void
 Registers used:
		wreg, status,2, status,0
 Tracked objects:
		On entry : 
		On exit  : 
		Unchanged: 
 Data sizes:     COMRAM   BANK0   BANK1   BANK2   BANK3   BANK4   BANK5
      Params:         8       0       0       0       0       0       0
[...]
 Auto vars:     Size  Location     Type
  product         4   13[COMRAM] unsigned long 
 Return value:  Size  Location     Type
                  4    5[COMRAM] unsigned long 
 Registers used:
		wreg, status,2, status,0
 Tracked objects:
		On entry : 
		On exit  : 
		Unchanged: 
 Data sizes:     COMRAM   BANK0   BANK1   BANK2   BANK3   BANK4   BANK5
      Params:         8       0       0       0       0       0       0
      Locals:         4       0       0       0       0       0       0
      Temps:          0       0       0       0       0       0       0
      Totals:        12       0       0       0       0       0       0
Total ram usage:       12 bytes
 Hardware stack levels used:    1
 Hardware stack levels required when called:    2
 This function calls:
		Nothing
 This function is called by:
		_PWM1_Set_Duty
 This function uses a non-reentrant model


 *************** function ___lldiv *****************
 Defined at:
		line 7 in file "C:\Program Files\Microchip\xc8\v2.31\pic\sources\c90\common\__lldiv.c"
 Parameters:    Size  Location     Type
  dividend        4   17[COMRAM] unsigned long 
  divisor         4   21[COMRAM] unsigned long 
 Auto vars:     Size  Location     Type
  quotient        4   25[COMRAM] unsigned long 
  counter         1   29[COMRAM] unsigned char 
 Return value:  Size  Location     Type
                  4   17[COMRAM] unsigned long 
 Registers used:
		wreg, status,2, status,0
 Tracked objects:
		On entry : 
		On exit  : 
		Unchanged: 
 Data sizes:     COMRAM   BANK0   BANK1   BANK2   BANK3   BANK4   BANK5
      Params:         8       0       0       0       0       0       0
      Locals:         5       0       0       0       0       0       0
      Temps:          0       0       0       0       0       0       0
      Totals:        13       0       0       0       0       0       0
Total ram usage:       13 bytes
 Hardware stack levels used:    1
 Hardware stack levels required when called:    2
 This function calls:
		Nothing
 This function is called by:
		_PWM1_Set_Duty
		_sprintf
 This function uses a non-reentrant model


 *************** function _PWM1_Init *****************
 Defined at:
		line 31 in file "pwm.c"
 Parameters:    Size  Location     Type
  f               2   19[COMRAM] unsigned int 
 Auto vars:     Size  Location     Type
  temp            2   25[COMRAM] unsigned int 
 Return value:  Size  Location     Type
                  1    wreg      void 
 Registers used:
		wreg, status,2, status,0, cstack
 Tracked objects:
		On entry : 
		On exit  : 
		Unchanged: 
 Data sizes:     COMRAM   BANK0   BANK1   BANK2   BANK3   BANK4   BANK5
      Params:         2       0       0       0       0       0       0
      Locals:         2       0       0       0       0       0       0
      Temps:          4       0       0       0       0       0       0
      Totals:         8       0       0       0       0       0       0
Total ram usage:        8 bytes
 Hardware stack levels used:    1
 Hardware stack levels required when called:    3
 This function calls:
		___aldiv
 This function is called by:
		_main
 This function uses a non-reentrant model


 *************** function ___aldiv *****************
 Defined at:
		line 7 in file "C:\Program Files\Microchip\xc8\v2.31\pic\sources\c90\common\aldiv.c"
 Parameters:    Size  Location     Type
  dividend        4    5[COMRAM] long 
  divisor         4    9[COMRAM] long 
 Auto vars:     Size  Location     Type
  quotient        4   15[COMRAM] long 
  sign            1   14[COMRAM] unsigned char 
  counter         1   13[COMRAM] unsigned char 
 Return value:  Size  Location     Type
                  4    5[COMRAM] long 
 Registers used:
		wreg, status,2, status,0
 Tracked objects:
		On entry : 
		On exit  : 
		Unchanged: 
 Data sizes:     COMRAM   BANK0   BANK1   BANK2   BANK3   BANK4   BANK5
      Params:         8       0       0       0       0       0       0
      Locals:         6       0       0       0       0       0       0
      Temps:          0       0       0       0       0       0       0
      Totals:        14       0       0       0       0       0       0
Total ram usage:       14 bytes
 Hardware stack levels used:    1
 Hardware stack levels required when called:    2
 This function calls:
		Nothing
 This function is called by:
		_PWM1_Init
 This function uses a non-reentrant model


 *************** function _Lcd_Out *****************
 Defined at:
		line 96 in file "flexlcd.h"
 Parameters:    Size  Location     Type
  y               1    wreg     unsigned char 
  x               1    8[COMRAM] unsigned char 
  buffer          2    9[COMRAM] PTR const unsigned char 
		 -> STR_6(11), strLcd2(50), strLcd1(50), 
 Auto vars:     Size  Location     Type
  y               1   11[COMRAM] unsigned char 
  data            1   12[COMRAM] unsigned char 
 Return value:  Size  Location     Type
                  1    wreg      void 
 Registers used:
		wreg, fsr1l, fsr1h, status,2, status,0, tblptrl, tblptrh, tblptru, cstack
 Tracked objects:
		On entry : 
		On exit  : 
		Unchanged: 
 Data sizes:     COMRAM   BANK0   BANK1   BANK2   BANK3   BANK4   BANK5
      Params:         3       0       0       0       0       0       0
      Locals:         2       0       0       0       0       0       0
      Temps:          0       0       0       0       0       0       0
      Totals:         5       0       0       0       0       0       0
Total ram usage:        5 bytes
 Hardware stack levels used:    1
 Hardware stack levels required when called:    3
 This function calls:
		_Lcd_Chr_CP
		_Lcd_Cmd
 This function is called by:
		_main
 This function uses a non-reentrant model


 *************** function _Lcd_Chr_CP *****************
 Defined at:
		line 138 in file "flexlcd.h"
 Parameters:    Size  Location     Type
  data            1    wreg     unsigned char 
 Auto vars:     Size  Location     Type
  data            1    7[COMRAM] unsigned char 
 Return value:  Size  Location     Type
                  1    wreg      void 
 Registers used:
		wreg, status,2, status,0
 Tracked objects:
		On entry : 
		On exit  : 
		Unchanged: 
 Data sizes:     COMRAM   BANK0   BANK1   BANK2   BANK3   BANK4   BANK5
      Params:         0       0       0       0       0       0       0
      Locals:         1       0       0       0       0       0       0
      Temps:          2       0       0       0       0       0       0
      Totals:         3       0       0       0       0       0       0
Total ram usage:        3 bytes
 Hardware stack levels used:    1
 Hardware stack levels required when called:    2
 This function calls:
		Nothing
 This function is called by:
		_Lcd_Out
		_Lcd_Out2
 This function uses a non-reentrant model


 *************** function _Lcd_Init *****************
 Defined at:
		line 54 in file "flexlcd.h"
 Parameters:    Size  Location     Type
		None
 Auto vars:     Size  Location     Type
  data            1    9[COMRAM] unsigned char 
 Return value:  Size  Location     Type
                  1    wreg      void 
 Registers used:
		wreg, status,2, status,0, cstack
 Tracked objects:
		On entry : 
		On exit  : 
		Unchanged: 
 Data sizes:     COMRAM   BANK0   BANK1   BANK2   BANK3   BANK4   BANK5
      Params:         0       0       0       0       0       0       0
      Locals:         1       0       0       0       0       0       0
      Temps:          1       0       0       0       0       0       0
      Totals:         2       0       0       0       0       0       0
Total ram usage:        2 bytes
 Hardware stack levels used:    1
 Hardware stack levels required when called:    3
 This function calls:
		_Lcd_Cmd
 This function is called by:
		_main
 This function uses a non-reentrant model


 *************** function _Lcd_Cmd *****************
 Defined at:
		line 152 in file "flexlcd.h"
 Parameters:    Size  Location     Type
  data            1    wreg     unsigned char 
 Auto vars:     Size  Location     Type
  data            1    7[COMRAM] unsigned char 
 Return value:  Size  Location     Type
                  1    wreg      void 
 Registers used:
		wreg, status,2, status,0
 Tracked objects:
		On entry : 
		On exit  : 
		Unchanged: 
 Data sizes:     COMRAM   BANK0   BANK1   BANK2   BANK3   BANK4   BANK5
      Params:         0       0       0       0       0       0       0
      Locals:         1       0       0       0       0       0       0
      Temps:          2       0       0       0       0       0       0
      Totals:         3       0       0       0       0       0       0
Total ram usage:        3 bytes
 Hardware stack levels used:    1
 Hardware stack levels required when called:    2
 This function calls:
		Nothing
 This function is called by:
		_Lcd_Init
		_Lcd_Out
		_main
		_Lcd_Out2
 This function uses a non-reentrant model


 *************** function _ConfigInterrupts *****************
 Defined at:
		line 94 in file "system.c"
 Parameters:    Size  Location     Type
		None
 Auto vars:     Size  Location     Type
		None
 Return value:  Size  Location     Type
                  1    wreg      void 
 Registers used:
		None
 Tracked objects:
		On entry : 
		On exit  : 
		Unchanged: 
 Data sizes:     COMRAM   BANK0   BANK1   BANK2   BANK3   BANK4   BANK5
      Params:         0       0       0       0       0       0       0
      Locals:         0       0       0       0       0       0       0
      Temps:          0       0       0       0       0       0       0
      Totals:         0       0       0       0       0       0       0
Total ram usage:        0 bytes
 Hardware stack levels used:    1
 Hardware stack levels required when called:    2
 This function calls:
		Nothing
 This function is called by:
		_main
 This function uses a non-reentrant model


 *************** function _isr *****************
 Defined at:
		line 217 in file "mainTP.c"
 Parameters:    Size  Location     Type
		None
 Auto vars:     Size  Location     Type
		None
 Return value:  Size  Location     Type
                  1    wreg      void 
 Registers used:
		wreg, fsr2l, fsr2h, status,2, status,0, cstack
 Tracked objects:
		On entry : 
		On exit  : 
		Unchanged: 
 Data sizes:     COMRAM   BANK0   BANK1   BANK2   BANK3   BANK4   BANK5
      Params:         0       0       0       0       0       0       0
      Locals:         0       0       0       0       0       0       0
      Temps:          2       0       0       0       0       0       0
      Totals:         2       0       0       0       0       0       0
Total ram usage:        2 bytes
 Hardware stack levels used:    1
 Hardware stack levels required when called:    1
 This function calls:
		_OpenTmr0
		_modbusDelay
		i2_Lcd_Cmd
 This function is called by:
		Interrupt level 2
 This function uses a non-reentrant model


 *************** function i2_Lcd_Cmd *****************
 Defined at:
		line 152 in file "flexlcd.h"
 Parameters:    Size  Location     Type
  data            1    wreg     unsigned char 
 Auto vars:     Size  Location     Type
  data            1    2[COMRAM] unsigned char 
 Return value:  Size  Location     Type
                  1    wreg      void 
 Registers used:
		wreg, status,2, status,0
 Tracked objects:
		On entry : 
		On exit  : 
		Unchanged: 
 Data sizes:     COMRAM   BANK0   BANK1   BANK2   BANK3   BANK4   BANK5
      Params:         0       0       0       0       0       0       0
      Locals:         1       0       0       0       0       0       0
      Temps:          2       0       0       0       0       0       0
      Totals:         3       0       0       0       0       0       0
Total ram usage:        3 bytes
 Hardware stack levels used:    1
 This function calls:
		Nothing
 This function is called by:
		_isr
 This function uses a non-reentrant model


 *************** function _modbusDelay *****************
 Defined at:
		line 30 in file "modbus.c"
 Parameters:    Size  Location     Type
		None
 Auto vars:     Size  Location     Type
		None
 Return value:  Size  Location     Type
                  1    wreg      void 
 Registers used:
		wreg, status,2
 Tracked objects:
		On entry : 
		On exit  : 
		Unchanged: 
 Data sizes:     COMRAM   BANK0   BANK1   BANK2   BANK3   BANK4   BANK5
      Params:         0       0       0       0       0       0       0
      Locals:         0       0       0       0       0       0       0
      Temps:          0       0       0       0       0       0       0
      Totals:         0       0       0       0       0       0       0
Total ram usage:        0 bytes
 Hardware stack levels used:    1
 This function calls:
		Nothing
 This function is called by:
		_isr
 This function uses a non-reentrant model


 *************** function _OpenTmr0 *****************
 Defined at:
		line 76 in file "system.c"
 Parameters:    Size  Location     Type
		None
 Auto vars:     Size  Location     Type
		None
 Return value:  Size  Location     Type
                  1    wreg      void 
 Registers used:
		wreg, status,2
 Tracked objects:
		On entry : 
		On exit  : 
		Unchanged: 
 Data sizes:     COMRAM   BANK0   BANK1   BANK2   BANK3   BANK4   BANK5
      Params:         0       0       0       0       0       0       0
      Locals:         0       0       0       0       0       0       0
      Temps:          0       0       0       0       0       0       0
      Totals:         0       0       0       0       0       0       0
Total ram usage:        0 bytes
 Hardware stack levels used:    1
 This function calls:
		Nothing
 This function is called by:
		_isr
 This function uses a non-reentrant model



MODULE INFORMATION

Module		Function		Class		Link	Load	Size
C:\Program Files\Microchip\xc8\v2.31\pic\sources\c90\common\flneg.c
		___flneg       		CODE           	55AC	0000	56

C:\Program Files\Microchip\xc8\v2.31\pic\sources\c90\common\flneg.c estimated size: 56

C:\Program Files\Microchip\xc8\v2.31\pic\sources\c90\common\flge.c
		___flge        		CODE           	4A78	0000	260

C:\Program Files\Microchip\xc8\v2.31\pic\sources\c90\common\flge.c estimated size: 260

C:\Program Files\Microchip\xc8\v2.31\pic\sources\c90\common\sprcmul.c
		___flmul       		CODE           	2432	0000	1066

C:\Program Files\Microchip\xc8\v2.31\pic\sources\c90\common\sprcmul.c estimated size: 1066

C:\Program Files\Microchip\xc8\v2.31\pic\sources\c90\common\__lldiv.c
		___lldiv       		CODE           	5102	0000	164

C:\Program Files\Microchip\xc8\v2.31\pic\sources\c90\common\__lldiv.c estimated size: 164

C:\Program Files\Microchip\xc8\v2.31\pic\sources\c90\common\sprcdiv.c
		___fldiv       		CODE           	2C68	0000	922

C:\Program Files\Microchip\xc8\v2.31\pic\sources\c90\common\sprcdiv.c estimated size: 922

flexlcd.h
		_Lcd_Init      		CODE           	4650	0000	272
		_Lcd_Out       		CODE           	4EF0	0000	184
		_Lcd_Chr_CP    		CODE           	4078	0000	308
		_Lcd_Cmd       		CODE           	41AC	0000	300

flexlcd.h estimated size: 1064

C:\Program Files\Microchip\xc8\v2.31\pic\sources\c90\common\doprnt.c
		_scale         		CODE           	285C	0000	1036
		_sprintf       		CODE           	06EC	0000	3458
		_fround        		CODE           	3002	0000	674

C:\Program Files\Microchip\xc8\v2.31\pic\sources\c90\common\doprnt.c estimated size: 5168

C:\Program Files\Microchip\xc8\v2.31\pic\sources\c90\common\ftdivl.c
		__tdiv_to_l_   		CODE           	3DD6	0000	342

C:\Program Files\Microchip\xc8\v2.31\pic\sources\c90\common\ftdivl.c estimated size: 342

C:\Program Files\Microchip\xc8\v2.31\pic\sources\c90\common\lwmod.c
		___lwmod       		CODE           	5502	0000	100

C:\Program Files\Microchip\xc8\v2.31\pic\sources\c90\common\lwmod.c estimated size: 100

C:\Program Files\Microchip\xc8\v2.31\pic\sources\c90\common\awmod.c
		___awmod       		CODE           	4FA8	0000	176

C:\Program Files\Microchip\xc8\v2.31\pic\sources\c90\common\awmod.c estimated size: 176

C:\Program Files\Microchip\xc8\v2.31\pic\sources\c90\common\Umul16.c
		___wmul        		CODE           	5672	0000	38

C:\Program Files\Microchip\xc8\v2.31\pic\sources\c90\common\Umul16.c estimated size: 38

C:\Program Files\Microchip\xc8\v2.31\pic\sources\c90\common\llmod.c
		___llmod       		CODE           	5238	0000	136

C:\Program Files\Microchip\xc8\v2.31\pic\sources\c90\common\llmod.c estimated size: 136

pwm.c
		_PWM1_Start    		CODE           	5646	0000	44
		_PWM1_Init     		CODE           	4B7C	0000	242
		_PWM1_Set_Duty 		CODE           	51A6	0000	146

pwm.c estimated size: 432

C:\Program Files\Microchip\xc8\v2.31\pic\sources\c90\common\isdigit.c
		_isdigit       		CODE           	55E4	0000	50

C:\Program Files\Microchip\xc8\v2.31\pic\sources\c90\common\isdigit.c estimated size: 50

modbus.c
		_writeCoil     		CODE           	452E	0000	290
		_checkCRC      		CODE           	4404	0000	298
		_readCoil      		CODE           	34D0	0000	556
		_decodeIt      		CODE           	4D5E	0000	206
		_writeReg      		CODE           	4972	0000	262
		_generateCRC   		CODE           	4C6E	0000	240
		_clearResponse 		CODE           	5616	0000	48
		_readInputReg  		CODE           	38C0	0000	452
		_readInputCoil 		CODE           	32A4	0000	556
		_modbusDelay   		CODE           	56D2	0000	10
		_readReg       		CODE           	36FC	0000	452

modbus.c estimated size: 3370

C:\Program Files\Microchip\xc8\v2.31\pic\sources\c90\common\sprcadd.c
		___flsub       		CODE           	5566	0000	70
		___fladd       		CODE           	1F72	0000	1216

C:\Program Files\Microchip\xc8\v2.31\pic\sources\c90\common\sprcadd.c estimated size: 1286

adc.c
		_adc_amostra   		CODE           	52C0	0000	124
		_adc_init      		CODE           	56C8	0000	10

adc.c estimated size: 134

C:\Program Files\Microchip\xc8\v2.31\pic\sources\c90\common\fleq.c
		___fleq        		CODE           	5058	0000	170

C:\Program Files\Microchip\xc8\v2.31\pic\sources\c90\common\fleq.c estimated size: 170

mainTP.c
		_main          		CODE           	146E	0000	2820
		_isr           		CODE           	0008	0000	420

mainTP.c estimated size: 3240

C:\Program Files\Microchip\xc8\v2.31\pic\sources\c90\common\Umul32.c
		___lmul        		CODE           	5498	0000	106

C:\Program Files\Microchip\xc8\v2.31\pic\sources\c90\common\Umul32.c estimated size: 106

C:\Program Files\Microchip\xc8\v2.31\pic\sources\c90\common\fldivl.c
		__div_to_l_    		CODE           	3F2C	0000	332

C:\Program Files\Microchip\xc8\v2.31\pic\sources\c90\common\fldivl.c estimated size: 332

C:\Program Files\Microchip\xc8\v2.31\pic\sources\c90\common\lwdiv.c
		___lwdiv       		CODE           	53B6	0000	116

C:\Program Files\Microchip\xc8\v2.31\pic\sources\c90\common\lwdiv.c estimated size: 116

C:\Program Files\Microchip\xc8\v2.31\pic\sources\c90\common\awdiv.c
		___awdiv       		CODE           	4E2C	0000	196

C:\Program Files\Microchip\xc8\v2.31\pic\sources\c90\common\awdiv.c estimated size: 196

shared
		__powers_      		SMALLCONST     	0601	0000	52
		_dpowers       		SMALLCONST     	0669	0000	40
		__npowers_     		SMALLCONST     	0635	0000	52
		i2_Lcd_Cmd     		CODE           	42D8	0000	300
		__initialization		CODE           	533C	0000	108

shared estimated size: 552

C:\Program Files\Microchip\xc8\v2.31\pic\sources\c90\common\fltol.c
		___fltol       		CODE           	486C	0000	262

C:\Program Files\Microchip\xc8\v2.31\pic\sources\c90\common\fltol.c estimated size: 262

C:\Program Files\Microchip\xc8\v2.31\pic\sources\c90\common\xxtofl.c
		___xxtofl      		CODE           	3A84	0000	436

C:\Program Files\Microchip\xc8\v2.31\pic\sources\c90\common\xxtofl.c estimated size: 436

C:\Program Files\Microchip\xc8\v2.31\pic\sources\c90\common\aldiv.c
		___aldiv       		CODE           	4760	0000	268

C:\Program Files\Microchip\xc8\v2.31\pic\sources\c90\common\aldiv.c estimated size: 268

system.c
		_ClsUSART      		CODE           	56B0	0000	12
		_OpnUSART      		CODE           	542A	0000	110
		_OpenTmr0      		CODE           	5698	0000	24
		_ConfigInterrupts		CODE           	56BC	0000	12

system.c estimated size: 158

