Microchip MPLAB XC8 Compiler V2.31

Linker command line:

-W-3 --edf=C:\Program Files\Microchip\xc8\v2.31\pic\dat\en_msgs.txt -cn \
  -h+dist/default/production\PICSintonia.production.sym \
  --cmf=dist/default/production\PICSintonia.production.cmf -z -Q18F4520 \
  -oC:\Users\Paulo\AppData\Local\Temp\slbs.2 --defsym=__MPLAB_BUILD=1 \
  -Mdist/default/production/PICSintonia.production.map -E1 \
  -ver=XC8 Compiler --acfsm=1493 -ASTACK=0296h-05FFh -pstack=STACK \
  -ACODE=00h-07FFFh -ACONST=00h-07FFFh -ASMALLCONST=0600h-06FFhx122 \
  -AMEDIUMCONST=0600h-07FFFh -ACOMRAM=01h-07Fh -AABS1=00h-05FFh \
  -ABIGRAM=01h-05FFh -ARAM=080h-0FFh,0100h-01FFhx5 -ABANK0=080h-0FFh \
  -ABANK1=0100h-01FFh -ABANK2=0200h-02FFh -ABANK3=0300h-03FFh \
  -ABANK4=0400h-04FFh -ABANK5=0500h-05FFh -ASFR=0F80h-0FFFh \
  -ACONFIG=0300000h-030000Dh -AIDLOC=0200000h-0200007h \
  -AEEDATA=0F00000h-0F000FFh -peeprom_data=EEDATA \
  -preset_vec=00h,intcode,intcodelo,powerup,init -pramtop=0600h \
  -psmallconst=SMALLCONST -pmediumconst=MEDIUMCONST -pconst=CONST \
  -AFARRAM=00h-00h \
  -prdata=COMRAM,nvrram=COMRAM,nvbit=COMRAM,rbss=COMRAM,rbit=COMRAM \
  -pfarbss=FARRAM,fardata=FARRAM,nvFARRAM=FARRAM \
  -pintsave_regs=BIGRAM,bigbss=BIGRAM,bigdata=BIGRAM -pbss=RAM \
  -pidata=CODE,irdata=CODE,ibigdata=CODE,ifardata=CODE -prparam=COMRAM \
  C:\Users\Paulo\AppData\Local\Temp\slbs.o \
  dist/default/production\PICSintonia.production.o 

Object code version is 3.11

Machine type is 18F4520



                Name                               Link     Load   Length Selector   Space Scale
C:\Users\Paulo\AppData\Local\Temp\slbs.o
                idloc                            200000   200000        8        0       5
                config                           300000   300000        E        0       4
                init                                  0        0        4        0       0
dist/default/production\PICSintonia.production.o
                idloc                            200000   200000        8        0       5
                config                           300000   300000        E        0       4
                text10                             7ED4     7ED4      12C     3F6A       0
                text9                              7DC4     7DC4      110     3EE2       0
                text8                              7CB8     7CB8      10C     3E5C       0
                text7                              79C8     79C8       F2     3CE4       0
                text6                              7924     7924       A4     3C92       0
                text5                              7828     7828       6A     3C14       0
                text4                              7892     7892       92     3C49       0
                text3                              77A2     77A2       2C     3BD1       0
                text2                              7BB2     7BB2      106     3DD9       0
                text1                              7798     7798        A     3BCC       0
                text0                              7ABA     7ABA       F8     3D5D       0
                cstackCOMRAM                         38       38       20        1       1
                bssBANK2                            200      200       96      200       1
                bssBANK1                            100      100       E1      100       1
                bssBANK0                             80       80       7D       80       1
                dataCOMRAM                           58       58        9        1       1
                bssCOMRAM                             1        1       37        1       1
                cinit                              77CE     77CE       5A     3BE7       0
                idataCOMRAM                        778F     778F        9     778F       0

TOTAL           Name                               Link     Load   Length     Space
        CLASS   STACK          

        CLASS   CODE           
                init                                  0        0        4         0
                text10                             7ED4     7ED4      12C         0
                text9                              7DC4     7DC4      110         0
                text8                              7CB8     7CB8      10C         0
                text7                              79C8     79C8       F2         0
                text6                              7924     7924       A4         0
                text5                              7828     7828       6A         0
                text4                              7892     7892       92         0
                text3                              77A2     77A2       2C         0
                text2                              7BB2     7BB2      106         0
                text1                              7798     7798        A         0
                text0                              7ABA     7ABA       F8         0
                cinit                              77CE     77CE       5A         0
                idataCOMRAM                        778F     778F        9         0

        CLASS   CONST          

        CLASS   SMALLCONST     

        CLASS   MEDIUMCONST    

        CLASS   COMRAM         
                cstackCOMRAM                         38       38       20         1
                dataCOMRAM                           58       58        9         1
                bssCOMRAM                             1        1       37         1

        CLASS   ABS1           

        CLASS   BIGRAM         

        CLASS   RAM            

        CLASS   BANK0          
                bssBANK0                             80       80       7D         1

        CLASS   BANK1          
                bssBANK1                            100      100       E1         1

        CLASS   BANK2          
                bssBANK2                            200      200       96         1

        CLASS   BANK3          

        CLASS   BANK4          

        CLASS   BANK5          

        CLASS   SFR            

        CLASS   CONFIG         
                config                           300000   300000        E         4

        CLASS   IDLOC          
                idloc                            200000   200000        8         5

        CLASS   EEDATA         

        CLASS   FARRAM         



SEGMENTS        Name                           Load    Length   Top    Selector   Space  Class

                reset_vec                      000000  000004  000004         0       0  CODE    
                bssCOMRAM                      000001  000060  000061         1       1  COMRAM  
                bssBANK0                       000080  00007D  0000FD        80       1  BANK0   
                bssBANK1                       000100  0000E1  0001E1       100       1  BANK1   
                bssBANK2                       000200  000096  000296       200       1  BANK2   
                idataCOMRAM                    00778F  000009  007798      778F       0  CODE    
                text1                          007798  00000A  0077A2      3BCC       0  CODE    
                text3                          0077A2  00002C  0077CE      3BD1       0  CODE    
                cinit                          0077CE  00005A  007828      3BE7       0  CODE    
                text5                          007828  00006A  007892      3C14       0  CODE    
                text4                          007892  000092  007924      3C49       0  CODE    
                text6                          007924  0000A4  0079C8      3C92       0  CODE    
                text7                          0079C8  0000F2  007ABA      3CE4       0  CODE    
                text0                          007ABA  0000F8  007BB2      3D5D       0  CODE    
                text2                          007BB2  000106  007CB8      3DD9       0  CODE    
                text8                          007CB8  00010C  007DC4      3E5C       0  CODE    
                text9                          007DC4  000110  007ED4      3EE2       0  CODE    
                text10                         007ED4  00012C  008000      3F6A       0  CODE    


UNUSED ADDRESS RANGES

        Name                Unused          Largest block    Delta
        BANK0            0000FD-0000FF                3
        BANK1            0001E1-0001FF               1F
        BANK2            000296-0002FF               6A
        BANK3            000300-0003FF              100
        BANK4            000400-0004FF              100
        BANK5            000500-0005FF              100
        BIGRAM           000061-00007F               1F
                         0000FD-0000FF                3
                         0001E1-0001FF               1F
                         000296-0005FF              36A
        CODE             000004-00778E             778B
        COMRAM           000061-00007F               1F
        CONST            000004-00778E             778B
        EEDATA           F00000-F000FF              100
        MEDIUMCONST      000600-00778E             718F
        RAM              0000FD-0000FF                3
                         0001E1-0001FF               1F
                         000296-0005FF              100
        SFR              000F80-000FFF               80
        SMALLCONST       000600-00778E              100
        STACK            000296-0005FF              36A

                                  Symbol Table

?___aldiv                   cstackCOMRAM 000038
?___fltol                   cstackCOMRAM 000038
?___lldiv                   cstackCOMRAM 000044
?___lmul                    cstackCOMRAM 000038
Lcd_Cmd@data                cstackCOMRAM 00003A
Lcd_Init@data               cstackCOMRAM 00003C
PWM1_Init@f                 cstackCOMRAM 000046
PWM1_Init@temp              cstackCOMRAM 00004C
PWM1_Set_Duty@d             cstackCOMRAM 000053
PWM1_Set_Duty@temp          cstackCOMRAM 000054
_ADCON0                     (abs)        000FC2
_ADCON0bits                 (abs)        000FC2
_ADCON1                     (abs)        000FC1
_ADRESH                     (abs)        000FC4
_ADRESL                     (abs)        000FC3
_BAUDCONbits                (abs)        000FB8
_CCP1CON                    (abs)        000FBD
_CCPR1L                     (abs)        000FBE
_INTCON                     (abs)        000FF2
_INTCON2                    (abs)        000FF1
_INTCON2bits                (abs)        000FF1
_INTCON3bits                (abs)        000FF0
_INTCONbits                 (abs)        000FF2
_LATA                       (abs)        000F89
_LATB                       (abs)        000F8A
_LATBbits                   (abs)        000F8A
_LATC                       (abs)        000F8B
_LATD                       (abs)        000F8C
_LATE                       (abs)        000F8D
_Lcd_Cmd                    text10       007ED4
_Lcd_Init                   text9        007DC4
_PIE1                       (abs)        000F9D
_PIE1bits                   (abs)        000F9D
_PIR1bits                   (abs)        000F9E
_PORTA                      (abs)        000F80
_PORTB                      (abs)        000F81
_PORTBbits                  (abs)        000F81
_PORTC                      (abs)        000F82
_PORTCbits                  (abs)        000F82
_PORTD                      (abs)        000F83
_PORTDbits                  (abs)        000F83
_PORTE                      (abs)        000F84
_PORTEbits                  (abs)        000F84
_PR2                        (abs)        000FCB
_PWM1_Init                  text7        0079C8
_PWM1_Set_Duty              text4        007892
_PWM1_Start                 text3        0077A2
_RCONbits                   (abs)        000FD0
_RCSTA                      (abs)        000FAB
_RCSTAbits                  (abs)        000FAB
_SPBRG                      (abs)        000FAF
_T0CONbits                  (abs)        000FD5
_T2CONbits                  (abs)        000FCA
_TMR0H                      (abs)        000FD7
_TMR0L                      (abs)        000FD6
_TRISA                      (abs)        000F92
_TRISB                      (abs)        000F93
_TRISBbits                  (abs)        000F93
_TRISC                      (abs)        000F94
_TRISCbits                  (abs)        000F94
_TRISD                      (abs)        000F95
_TRISDbits                  (abs)        000F95
_TRISE                      (abs)        000F96
_TRISEbits                  (abs)        000F96
_TXREG                      (abs)        000FAD
_TXSTA                      (abs)        000FAC
_TXSTAbits                  (abs)        000FAC
__HRAM                      (abs)        000000
__Habs1                     abs1         000000
__Hbank0                    bank0        000000
__Hbank1                    bank1        000000
__Hbank2                    bank2        000000
__Hbank3                    bank3        000000
__Hbank4                    bank4        000000
__Hbank5                    bank5        000000
__Hbigbss                   bigbss       000000
__Hbigdata                  bigdata      000000
__Hbigram                   bigram       000000
__Hbss                      bss          000000
__HbssBANK0                 bssBANK0     000000
__HbssBANK1                 bssBANK1     000000
__HbssBANK2                 bssBANK2     000000
__HbssCOMRAM                bssCOMRAM    000000
__Hcinit                    cinit        000000
__Hclrtext                  clrtext      000000
__Hcomram                   comram       000000
__Hconfig                   config       30000E
__Hconst                    const        000000
__HcstackCOMRAM             cstackCOMRAM 000000
__Hdata                     data         000000
__HdataCOMRAM               dataCOMRAM   000000
__Heeprom_data              eeprom_data  000000
__Hfarbss                   farbss       000000
__Hfardata                  fardata      000000
__Hibigdata                 ibigdata     000000
__Hidata                    idata        000000
__HidataCOMRAM              idataCOMRAM  000000
__Hidloc                    idloc        200008
__Hifardata                 ifardata     000000
__Hinit                     init         000004
__Hintcode                  intcode      000000
__Hintcode_body             intcode_body 000000
__Hintcodelo                intcodelo    000000
__Hintentry                 intentry     000000
__Hintret                   intret       000000
__Hintsave_regs             intsave_regs 000000
__Hirdata                   irdata       000000
__Hmediumconst              mediumconst  000000
__HnvFARRAM                 nvFARRAM     000000
__Hnvbit                    nvbit        000000
__Hnvrram                   nvrram       000000
__Hparam                    rparam       000000
__Hpowerup                  powerup      000000
__Hram                      ram          000000
__Hramtop                   ramtop       000600
__Hrbit                     rbit         000000
__Hrbss                     rbss         000000
__Hrdata                    rdata        000000
__Hreset_vec                reset_vec    000000
__Hrparam                   rparam       000000
__Hsfr                      sfr          000000
__Hsmallconst               smallconst   000000
__Hspace_0                  (abs)        008000
__Hspace_1                  (abs)        000296
__Hspace_2                  (abs)        000000
__Hspace_4                  (abs)        60000E
__Hstack                    stack        000000
__Hstruct                   struct       000000
__Htemp                     temp         000000
__Htext                     text         000000
__Htext0                    text0        000000
__Htext1                    text1        000000
__Htext10                   text10       000000
__Htext2                    text2        000000
__Htext3                    text3        000000
__Htext4                    text4        000000
__Htext5                    text5        000000
__Htext6                    text6        000000
__Htext7                    text7        000000
__Htext8                    text8        000000
__Htext9                    text9        000000
__LRAM                      (abs)        000001
__Labs1                     abs1         000000
__Lbank0                    bank0        000000
__Lbank1                    bank1        000000
__Lbank2                    bank2        000000
__Lbank3                    bank3        000000
__Lbank4                    bank4        000000
__Lbank5                    bank5        000000
__Lbigbss                   bigbss       000000
__Lbigdata                  bigdata      000000
__Lbigram                   bigram       000000
__Lbss                      bss          000000
__LbssBANK0                 bssBANK0     000000
__LbssBANK1                 bssBANK1     000000
__LbssBANK2                 bssBANK2     000000
__LbssCOMRAM                bssCOMRAM    000000
__Lcinit                    cinit        000000
__Lclrtext                  clrtext      000000
__Lcomram                   comram       000000
__Lconfig                   config       000000
__Lconst                    const        000000
__LcstackCOMRAM             cstackCOMRAM 000000
__Ldata                     data         000000
__LdataCOMRAM               dataCOMRAM   000000
__Leeprom_data              eeprom_data  000000
__Lfarbss                   farbss       000000
__Lfardata                  fardata      000000
__Libigdata                 ibigdata     000000
__Lidata                    idata        000000
__LidataCOMRAM              idataCOMRAM  000000
__Lidloc                    idloc        000000
__Lifardata                 ifardata     000000
__Linit                     init         000000
__Lintcode                  intcode      000000
__Lintcode_body             intcode_body 000000
__Lintcodelo                intcodelo    000000
__Lintentry                 intentry     000000
__Lintret                   intret       000000
__Lintsave_regs             intsave_regs 000000
__Lirdata                   irdata       000000
__Lmediumconst              mediumconst  000000
__LnvFARRAM                 nvFARRAM     000000
__Lnvbit                    nvbit        000000
__Lnvrram                   nvrram       000000
__Lparam                    rparam       000000
__Lpowerup                  powerup      000000
__Lram                      ram          000000
__Lramtop                   ramtop       000600
__Lrbit                     rbit         000000
__Lrbss                     rbss         000000
__Lrdata                    rdata        000000
__Lreset_vec                reset_vec    000000
__Lrparam                   rparam       000000
__Lsfr                      sfr          000000
__Lsmallconst               smallconst   000000
__Lspace_0                  (abs)        000000
__Lspace_1                  (abs)        000000
__Lspace_2                  (abs)        000000
__Lspace_4                  (abs)        000000
__Lstack                    stack        000000
__Lstruct                   struct       000000
__Ltemp                     temp         000000
__Ltext                     text         000000
__Ltext0                    text0        000000
__Ltext1                    text1        000000
__Ltext10                   text10       000000
__Ltext2                    text2        000000
__Ltext3                    text3        000000
__Ltext4                    text4        000000
__Ltext5                    text5        000000
__Ltext6                    text6        000000
__Ltext7                    text7        000000
__Ltext8                    text8        000000
__Ltext9                    text9        000000
__S0                        (abs)        008000
__S1                        (abs)        000296
__S2                        (abs)        000000
__S4                        (abs)        000000
__S5                        (abs)        000000
___aldiv                    text8        007CB8
___aldiv@counter            cstackCOMRAM 000040
___aldiv@dividend           cstackCOMRAM 000038
___aldiv@divisor            cstackCOMRAM 00003C
___aldiv@quotient           cstackCOMRAM 000042
___aldiv@sign               cstackCOMRAM 000041
___fltol                    text2        007BB2
___fltol@exp1               cstackCOMRAM 000041
___fltol@f1                 cstackCOMRAM 000038
___fltol@sign1              cstackCOMRAM 000040
___inthi_sp                 stack        000000
___intlo_sp                 stack        000000
___lldiv                    text6        007924
___lldiv@counter            cstackCOMRAM 000050
___lldiv@dividend           cstackCOMRAM 000044
___lldiv@divisor            cstackCOMRAM 000048
___lldiv@quotient           cstackCOMRAM 00004C
___lmul                     text5        007828
___lmul@multiplicand        cstackCOMRAM 00003C
___lmul@multiplier          cstackCOMRAM 000038
___lmul@product             cstackCOMRAM 000040
___param_bank               (abs)        000000
___rparam_used              (abs)        000001
___sp                       stack        000000
__accesstop                 (abs)        000080
__activetblptr              (abs)        000002
__end_of_Lcd_Cmd            text10       008000
__end_of_Lcd_Init           text9        007ED4
__end_of_PWM1_Init          text7        007ABA
__end_of_PWM1_Set_Duty      text4        007924
__end_of_PWM1_Start         text3        0077CE
__end_of___aldiv            text8        007DC4
__end_of___fltol            text2        007CB8
__end_of___lldiv            text6        0079C8
__end_of___lmul             text5        007892
__end_of__initialization    cinit        00781E
__end_of_adc_init           text1        0077A2
__end_of_main               text0        007BB2
__initialization            cinit        0077CE
__mediumconst               mediumconst  000000
__pbssBANK0                 bssBANK0     000080
__pbssBANK1                 bssBANK1     000100
__pbssBANK2                 bssBANK2     000200
__pbssCOMRAM                bssCOMRAM    000001
__pcinit                    cinit        0077CE
__pcstackCOMRAM             cstackCOMRAM 000038
__pdataCOMRAM               dataCOMRAM   000058
__pidataCOMRAM              idataCOMRAM  00778F
__ptext0                    text0        007ABA
__ptext1                    text1        007798
__ptext10                   text10       007ED4
__ptext2                    text2        007BB2
__ptext3                    text3        0077A2
__ptext4                    text4        007892
__ptext5                    text5        007828
__ptext6                    text6        007924
__ptext7                    text7        0079C8
__ptext8                    text8        007CB8
__ptext9                    text9        007DC4
__ramtop                    ramtop       000600
__size_of_Lcd_Cmd           (abs)        000000
__size_of_Lcd_Init          (abs)        000000
__size_of_PWM1_Init         (abs)        000000
__size_of_PWM1_Set_Duty     (abs)        000000
__size_of_PWM1_Start        (abs)        000000
__size_of___aldiv           (abs)        000000
__size_of___fltol           (abs)        000000
__size_of___lldiv           (abs)        000000
__size_of___lmul            (abs)        000000
__size_of_adc_init          (abs)        000000
__size_of_main              (abs)        000000
__smallconst                smallconst   000000
_adcResult                  bssCOMRAM    000031
_adc_init                   text1        007798
_coils                      bssBANK2     000264
_endOfMessage               bssCOMRAM    000037
_err                        bssCOMRAM    000001
_holdingReg                 bssBANK1     00017D
_kd                         dataCOMRAM   00005C
_ki                         dataCOMRAM   00005A
_kp                         dataCOMRAM   00005E
_lastErr                    bssCOMRAM    000009
_ligarAquecedor             bssCOMRAM    000029
_main                       text0        007ABA
_messageLength              bssCOMRAM    000035
_modbusMessage              bssCOMRAM    000034
_modoOperacao               bssCOMRAM    00002D
_newMessage                 dataCOMRAM   000060
_origemParametrosManual     bssCOMRAM    00002F
_pidSum                     bssCOMRAM    00000D
_pidVentVal                 bssCOMRAM    000005
_received                   bssBANK1     000100
_response                   bssBANK0     000080
_strLcd1                    bssBANK2     000232
_strLcd2                    bssBANK2     000200
_tempSetpoint               dataCOMRAM   000058
_temperatura                bssCOMRAM    000025
_timerCount                 bssCOMRAM    000036
_timerHeatCount             bssCOMRAM    00002B
_valPotenciometroHeat       bssCOMRAM    000015
_valPotenciometroHeatToDuty bssCOMRAM    000019
_valPotenciometroVent       bssCOMRAM    000011
_valPotenciometroVentToDuty bssCOMRAM    00001D
_voltPotenciometro          bssCOMRAM    000021
_z                          bssCOMRAM    000033
end_of_initialization       cinit        00781E
intlevel0                   text         000000
intlevel1                   text         000000
intlevel2                   text         000000
intlevel3                   text         000000
stackhi                     (abs)        0005FF
stacklo                     (abs)        000296
start                       init         000000
start_initialization        cinit        0077CE


FUNCTION INFORMATION:

 *************** function _main *****************
 Defined at:
		line 51 in file "mainTP.c"
 Parameters:    Size  Location     Type
		None
 Auto vars:     Size  Location     Type
		None
 Return value:  Size  Location     Type
                  1    wreg      void 
 Registers used:
		wreg, status,2, status,0, cstack
 Tracked objects:
		On entry : 
		On exit  : 
		Unchanged: 
 Data sizes:     COMRAM   BANK0   BANK1   BANK2   BANK3   BANK4   BANK5
      Params:         0       0       0       0       0       0       0
      Locals:         0       0       0       0       0       0       0
      Temps:          2       0       0       0       0       0       0
      Totals:         2       0       0       0       0       0       0
Total ram usage:        2 bytes
 Hardware stack levels required when called:    2
 This function calls:
		_Lcd_Cmd
		_Lcd_Init
		_PWM1_Init
		_PWM1_Set_Duty
		_PWM1_Start
		___fltol
		_adc_init
 This function is called by:
		Startup code after reset
 This function uses a non-reentrant model


 *************** function _adc_init *****************
 Defined at:
		line 30 in file "adc.c"
 Parameters:    Size  Location     Type
		None
 Auto vars:     Size  Location     Type
		None
 Return value:  Size  Location     Type
                  1    wreg      void 
 Registers used:
		wreg, status,2
 Tracked objects:
		On entry : 
		On exit  : 
		Unchanged: 
 Data sizes:     COMRAM   BANK0   BANK1   BANK2   BANK3   BANK4   BANK5
      Params:         0       0       0       0       0       0       0
      Locals:         0       0       0       0       0       0       0
      Temps:          0       0       0       0       0       0       0
      Totals:         0       0       0       0       0       0       0
Total ram usage:        0 bytes
 Hardware stack levels used:    1
 This function calls:
		Nothing
 This function is called by:
		_main
 This function uses a non-reentrant model


 *************** function ___fltol *****************
 Defined at:
		line 43 in file "C:\Program Files\Microchip\xc8\v2.31\pic\sources\c90\common\fltol.c"
 Parameters:    Size  Location     Type
  f1              4    0[COMRAM] void 
 Auto vars:     Size  Location     Type
  exp1            1    9[COMRAM] unsigned char 
  sign1           1    8[COMRAM] unsigned char 
 Return value:  Size  Location     Type
                  4    0[COMRAM] long 
 Registers used:
		wreg, status,2, status,0
 Tracked objects:
		On entry : 
		On exit  : 
		Unchanged: 
 Data sizes:     COMRAM   BANK0   BANK1   BANK2   BANK3   BANK4   BANK5
      Params:         4       0       0       0       0       0       0
      Locals:         2       0       0       0       0       0       0
      Temps:          4       0       0       0       0       0       0
      Totals:        10       0       0       0       0       0       0
Total ram usage:       10 bytes
 Hardware stack levels used:    1
 This function calls:
		Nothing
 This function is called by:
		_main
 This function uses a non-reentrant model


 *************** function _PWM1_Start *****************
 Defined at:
		line 76 in file "pwm.c"
 Parameters:    Size  Location     Type
		None
 Auto vars:     Size  Location     Type
		None
 Return value:  Size  Location     Type
                  1    wreg      void 
 Registers used:
		wreg, status,2
 Tracked objects:
		On entry : 
		On exit  : 
		Unchanged: 
 Data sizes:     COMRAM   BANK0   BANK1   BANK2   BANK3   BANK4   BANK5
      Params:         0       0       0       0       0       0       0
      Locals:         0       0       0       0       0       0       0
      Temps:          0       0       0       0       0       0       0
      Totals:         0       0       0       0       0       0       0
Total ram usage:        0 bytes
 Hardware stack levels used:    1
 This function calls:
		Nothing
 This function is called by:
		_main
 This function uses a non-reentrant model


 *************** function _PWM1_Set_Duty *****************
 Defined at:
		line 101 in file "pwm.c"
 Parameters:    Size  Location     Type
  d               1    wreg     unsigned char 
 Auto vars:     Size  Location     Type
  d               1   27[COMRAM] unsigned char 
  temp            2   28[COMRAM] unsigned int 
 Return value:  Size  Location     Type
                  1    wreg      void 
 Registers used:
		wreg, status,2, status,0, cstack
 Tracked objects:
		On entry : 
		On exit  : 
		Unchanged: 
 Data sizes:     COMRAM   BANK0   BANK1   BANK2   BANK3   BANK4   BANK5
      Params:         0       0       0       0       0       0       0
      Locals:         3       0       0       0       0       0       0
      Temps:          2       0       0       0       0       0       0
      Totals:         5       0       0       0       0       0       0
Total ram usage:        5 bytes
 Hardware stack levels used:    1
 Hardware stack levels required when called:    1
 This function calls:
		___lldiv
		___lmul
 This function is called by:
		_main
 This function uses a non-reentrant model


 *************** function ___lmul *****************
 Defined at:
		line 15 in file "C:\Program Files\Microchip\xc8\v2.31\pic\sources\c90\common\Umul32.c"
 Parameters:    Size  Location     Type
  multiplier      4    0[COMRAM] unsigned long 
  multiplicand    4    4[COMRAM] unsigned long 
 Auto vars:     Size  Location     Type
  product         4    8[COMRAM] unsigned long 
 Return value:  Size  Location     Type
                  4    0[COMRAM] unsigned long 
 Registers used:
		wreg, status,2, status,0
 Tracked objects:
		On entry : 
		On exit  : 
		Unchanged: 
 Data sizes:     COMRAM   BANK0   BANK1   BANK2   BANK3   BANK4   BANK5
      Params:         8       0       0       0       0       0       0
      Locals:         4       0       0       0       0       0       0
      Temps:          0       0       0       0       0       0       0
      Totals:        12       0       0       0       0       0       0
Total ram usage:       12 bytes
 Hardware stack levels used:    1
 This function calls:
		Nothing
 This function is called by:
		_PWM1_Set_Duty
 This function uses a non-reentrant model


 *************** function ___lldiv *****************
 Defined at:
		line 7 in file "C:\Program Files\Microchip\xc8\v2.31\pic\sources\c90\common\__lldiv.c"
 Parameters:    Size  Location     Type
  dividend        4   12[COMRAM] unsigned long 
  divisor         4   16[COMRAM] unsigned long 
 Auto vars:     Size  Location     Type
  quotient        4   20[COMRAM] unsigned long 
  counter         1   24[COMRAM] unsigned char 
 Return value:  Size  Location     Type
                  4   12[COMRAM] unsigned long 
 Registers used:
		wreg, status,2, status,0
 Tracked objects:
		On entry : 
		On exit  : 
		Unchanged: 
 Data sizes:     COMRAM   BANK0   BANK1   BANK2   BANK3   BANK4   BANK5
      Params:         8       0       0       0       0       0       0
      Locals:         5       0       0       0       0       0       0
      Temps:          0       0       0       0       0       0       0
      Totals:        13       0       0       0       0       0       0
Total ram usage:       13 bytes
 Hardware stack levels used:    1
 This function calls:
		Nothing
 This function is called by:
		_PWM1_Set_Duty
 This function uses a non-reentrant model


 *************** function _PWM1_Init *****************
 Defined at:
		line 31 in file "pwm.c"
 Parameters:    Size  Location     Type
  f               2   14[COMRAM] unsigned int 
 Auto vars:     Size  Location     Type
  temp            2   20[COMRAM] unsigned int 
 Return value:  Size  Location     Type
                  1    wreg      void 
 Registers used:
		wreg, status,2, status,0, cstack
 Tracked objects:
		On entry : 
		On exit  : 
		Unchanged: 
 Data sizes:     COMRAM   BANK0   BANK1   BANK2   BANK3   BANK4   BANK5
      Params:         2       0       0       0       0       0       0
      Locals:         2       0       0       0       0       0       0
      Temps:          4       0       0       0       0       0       0
      Totals:         8       0       0       0       0       0       0
Total ram usage:        8 bytes
 Hardware stack levels used:    1
 Hardware stack levels required when called:    1
 This function calls:
		___aldiv
 This function is called by:
		_main
 This function uses a non-reentrant model


 *************** function ___aldiv *****************
 Defined at:
		line 7 in file "C:\Program Files\Microchip\xc8\v2.31\pic\sources\c90\common\aldiv.c"
 Parameters:    Size  Location     Type
  dividend        4    0[COMRAM] long 
  divisor         4    4[COMRAM] long 
 Auto vars:     Size  Location     Type
  quotient        4   10[COMRAM] long 
  sign            1    9[COMRAM] unsigned char 
  counter         1    8[COMRAM] unsigned char 
 Return value:  Size  Location     Type
                  4    0[COMRAM] long 
 Registers used:
		wreg, status,2, status,0
 Tracked objects:
		On entry : 
		On exit  : 
		Unchanged: 
 Data sizes:     COMRAM   BANK0   BANK1   BANK2   BANK3   BANK4   BANK5
      Params:         8       0       0       0       0       0       0
      Locals:         6       0       0       0       0       0       0
      Temps:          0       0       0       0       0       0       0
      Totals:        14       0       0       0       0       0       0
Total ram usage:       14 bytes
 Hardware stack levels used:    1
 This function calls:
		Nothing
 This function is called by:
		_PWM1_Init
 This function uses a non-reentrant model


 *************** function _Lcd_Init *****************
 Defined at:
		line 54 in file "flexlcd.h"
 Parameters:    Size  Location     Type
		None
 Auto vars:     Size  Location     Type
  data            1    4[COMRAM] unsigned char 
 Return value:  Size  Location     Type
                  1    wreg      void 
 Registers used:
		wreg, status,2, status,0, cstack
 Tracked objects:
		On entry : 
		On exit  : 
		Unchanged: 
 Data sizes:     COMRAM   BANK0   BANK1   BANK2   BANK3   BANK4   BANK5
      Params:         0       0       0       0       0       0       0
      Locals:         1       0       0       0       0       0       0
      Temps:          1       0       0       0       0       0       0
      Totals:         2       0       0       0       0       0       0
Total ram usage:        2 bytes
 Hardware stack levels used:    1
 Hardware stack levels required when called:    1
 This function calls:
		_Lcd_Cmd
 This function is called by:
		_main
 This function uses a non-reentrant model


 *************** function _Lcd_Cmd *****************
 Defined at:
		line 152 in file "flexlcd.h"
 Parameters:    Size  Location     Type
  data            1    wreg     unsigned char 
 Auto vars:     Size  Location     Type
  data            1    2[COMRAM] unsigned char 
 Return value:  Size  Location     Type
                  1    wreg      void 
 Registers used:
		wreg, status,2, status,0
 Tracked objects:
		On entry : 
		On exit  : 
		Unchanged: 
 Data sizes:     COMRAM   BANK0   BANK1   BANK2   BANK3   BANK4   BANK5
      Params:         0       0       0       0       0       0       0
      Locals:         1       0       0       0       0       0       0
      Temps:          2       0       0       0       0       0       0
      Totals:         3       0       0       0       0       0       0
Total ram usage:        3 bytes
 Hardware stack levels used:    1
 This function calls:
		Nothing
 This function is called by:
		_Lcd_Init
		_main
		_Lcd_Out
		_Lcd_Out2
 This function uses a non-reentrant model



MODULE INFORMATION

Module		Function		Class		Link	Load	Size
C:\Program Files\Microchip\xc8\v2.31\pic\sources\c90\common\__lldiv.c
		___lldiv       		CODE           	7924	0000	164

C:\Program Files\Microchip\xc8\v2.31\pic\sources\c90\common\__lldiv.c estimated size: 164

flexlcd.h
		_Lcd_Init      		CODE           	7DC4	0000	272
		_Lcd_Cmd       		CODE           	7ED4	0000	300

flexlcd.h estimated size: 572

pwm.c
		_PWM1_Start    		CODE           	77A2	0000	44
		_PWM1_Init     		CODE           	79C8	0000	242
		_PWM1_Set_Duty 		CODE           	7892	0000	146

pwm.c estimated size: 432

adc.c
		_adc_init      		CODE           	7798	0000	10

adc.c estimated size: 10

mainTP.c
		_main          		CODE           	7ABA	0000	248

mainTP.c estimated size: 248

C:\Program Files\Microchip\xc8\v2.31\pic\sources\c90\common\Umul32.c
		___lmul        		CODE           	7828	0000	106

C:\Program Files\Microchip\xc8\v2.31\pic\sources\c90\common\Umul32.c estimated size: 106

shared
		__initialization		CODE           	77CE	0000	80

shared estimated size: 80

C:\Program Files\Microchip\xc8\v2.31\pic\sources\c90\common\fltol.c
		___fltol       		CODE           	7BB2	0000	262

C:\Program Files\Microchip\xc8\v2.31\pic\sources\c90\common\fltol.c estimated size: 262

C:\Program Files\Microchip\xc8\v2.31\pic\sources\c90\common\aldiv.c
		___aldiv       		CODE           	7CB8	0000	268

C:\Program Files\Microchip\xc8\v2.31\pic\sources\c90\common\aldiv.c estimated size: 268

